[2026-09-27T00:24:14.358] [DEBUG] debug-file - Incremental task entry:default@ProcessShareConfig post-execution cost:2 ms .
[2026-09-27T00:24:14.359] [DEBUG] debug-file - Update task entry:default@ProcessStartupConfig output file:F:\Programming\Code\VS_Code\ArkTS\PicaComic-HarmonyOS\ohos\entry\.preview\default\intermediates\startup\default\startup_config.json cache.
[2026-09-27T00:24:14.359] [DEBUG] debug-file - Incremental task entry:default@ProcessStartupConfig post-execution cost:1 ms .
[2026-09-27T00:24:14.359] [DEBUG] debug-file - Update task entry:default@GenerateLoaderJson input file:F:\Programming\Code\VS_Code\ArkTS\PicaComic-HarmonyOS\ohos\entry\.preview\default\intermediates\router_map\default\temp-router-map.json cache from map.
[2026-09-27T00:24:14.359] [DEBUG] debug-file - Update task entry:default@GenerateLoaderJson output file:F:\Programming\Code\VS_Code\ArkTS\PicaComic-HarmonyOS\ohos\entry\.preview\default\intermediates\loader\default\loader.json cache.
[2026-09-27T00:24:14.359] [DEBUG] debug-file - Incremental task entry:default@GenerateLoaderJson post-execution cost:1 ms .
[2026-09-27T00:24:14.359] [DEBUG] debug-file - Update task entry:default@PreviewCompileResource input file:F:\Programming\Code\VS_Code\ArkTS\PicaComic-HarmonyOS\ohos\entry\src\main\resources cache by regenerate.
[2026-09-27T00:24:14.362] [DEBUG] debug-file - Update task entry:default@PreviewCompileResource input file:F:\Programming\Code\VS_Code\ArkTS\PicaComic-HarmonyOS\ohos\entry\.preview\default\intermediates\merge_profile\default\module.json cache from map.
[2026-09-27T00:24:14.362] [DEBUG] debug-file - Update task entry:default@PreviewCompileResource output file:F:\Programming\Code\VS_Code\ArkTS\PicaComic-HarmonyOS\ohos\entry\.preview\default\intermediates\res\default cache.
[2026-09-27T00:24:14.365] [DEBUG] debug-file - Update task entry:default@PreviewCompileResource output file:F:\Programming\Code\VS_Code\ArkTS\PicaComic-HarmonyOS\ohos\entry\.preview\default\generated\r\default cache.
[2026-09-27T00:24:14.366] [DEBUG] debug-file - Incremental task entry:default@PreviewCompileResource post-execution cost:7 ms .
[2026-09-27T00:24:14.366] [DEBUG] debug-file - Update task entry:default@CopyPreviewProfile input file:F:\Programming\Code\VS_Code\ArkTS\PicaComic-HarmonyOS\ohos\entry\src\main\resources\base\profile cache from map.
[2026-09-27T00:24:14.366] [DEBUG] debug-file - Update task entry:default@CopyPreviewProfile output file:F:\Programming\Code\VS_Code\ArkTS\PicaComic-HarmonyOS\ohos\entry\.preview\default\intermediates\res\default\resources\base\profile cache.
[2026-09-27T00:24:14.366] [DEBUG] debug-file - Incremental task entry:default@CopyPreviewProfile post-execution cost:1 ms .
[2026-09-27T00:24:14.366] [DEBUG] debug-file - Update task entry:default@PreviewUpdateAssets output file:F:\Programming\Code\VS_Code\ArkTS\PicaComic-HarmonyOS\ohos\entry\.preview\default\intermediates\res\default\module.json cache.
[2026-09-27T00:24:14.366] [DEBUG] debug-file - Update task entry:default@PreviewUpdateAssets output file:F:\Programming\Code\VS_Code\ArkTS\PicaComic-HarmonyOS\ohos\entry\.preview\default\intermediates\res\default\resources\base\profile\main_pages.json cache.
[2026-09-27T00:24:14.366] [DEBUG] debug-file - Incremental task entry:default@PreviewUpdateAssets post-execution cost:1 ms .
[2026-09-27T00:24:14.367] [DEBUG] debug-file - Update task entry:default@PreviewArkTS input file:F:\Programming\Code\VS_Code\ArkTS\PicaComic-HarmonyOS\ohos\entry\.preview\default\intermediates\loader\default cache from map.
[2026-09-27T00:24:14.367] [DEBUG] debug-file - Update task entry:default@PreviewArkTS input file:F:\Programming\Code\VS_Code\ArkTS\PicaComic-HarmonyOS\ohos\entry\.preview\default\intermediates\res\default\resources\rawfile cache by regenerate.
[2026-09-27T00:24:14.368] [DEBUG] debug-file - Update task entry:default@PreviewArkTS input file:F:\Programming\Code\VS_Code\ArkTS\PicaComic-HarmonyOS\ohos\entry\.preview\default\intermediates\res\default\ResourceTable.txt cache by regenerate.
[2026-09-27T00:24:14.368] [DEBUG] debug-file - Update task entry:default@PreviewArkTS input file:F:\Programming\Code\VS_Code\ArkTS\PicaComic-HarmonyOS\ohos\entry\.preview\default\intermediates\process_profile\default\module.json cache by regenerate.
[2026-09-27T00:24:14.368] [DEBUG] debug-file - Update task entry:default@PreviewArkTS input file:F:\Programming\Code\VS_Code\ArkTS\PicaComic-HarmonyOS\ohos\entry\.preview\default\intermediates\res\default\resources\base\profile cache by regenerate.
[2026-09-27T00:24:14.368] [DEBUG] debug-file - Update task entry:default@PreviewArkTS input file:F:\Programming\Code\VS_Code\ArkTS\PicaComic-HarmonyOS\ohos\entry\src\main\ets cache by regenerate.
[2026-09-27T00:24:14.373] [DEBUG] debug-file - Update task entry:default@PreviewArkTS input file:F:\Programming\Code\VS_Code\ArkTS\PicaComic-HarmonyOS\ohos\entry\.preview\default\generated\profile\default\BuildProfile.ets cache by regenerate.
[2026-09-27T00:24:14.373] [DEBUG] debug-file - Update task entry:default@PreviewArkTS output file:F:\Programming\Code\VS_Code\ArkTS\PicaComic-HarmonyOS\ohos\entry\.preview\default\intermediates\loader_out\default\ets cache.
[2026-09-27T00:24:14.373] [DEBUG] debug-file - Incremental task entry:default@PreviewArkTS post-execution cost:7 ms .
[2026-09-27T00:24:14.380] [DEBUG] debug-file - There's no busy workers and idle workers need cleanup.
[2026-09-27T00:24:14.380] [DEBUG] debug-file - hvigor build process will be closed.
[2026-09-27T00:24:37.180] [DEBUG] debug-file - session manager: send message to worker process. WorkerThreadId: 5, data: {"type":"hvigor_failed","reason":"Server has disconnected."}
[2026-09-27T00:24:37.180] [DEBUG] debug-file - session manager: send message to worker process. WorkerThreadId: 5, data: {"type":"CloseWatch","reason":"Server has disconnected."}
[2026-09-27T00:24:37.180] [DEBUG] debug-file - ABORT_WORK sent to workers.
[2026-09-27T00:24:37.248] [DEBUG] debug-file - watch worker: worker is ready to be terminated.
[2026-09-27T00:24:37.248] [DEBUG] debug-file - Server currently has 0 watch-worker
[2026-09-27T00:26:53.010] [DEBUG] debug-file - env: nodejsVersion=v24.14.1
[2026-09-27T00:26:53.232] [DEBUG] debug-file - Hvigor init with startParameters:{
  hvigorfileTypeCheck: false,
  parallelExecution: true,
  incrementalExecution: true,
  printStackTrace: false,
  daemon: false,
  analyze: 0,
  logLevel: Level { level: 20000, levelStr: 'INFO', colour: 'green' },
  optimizationStrategy: 'memory',
  hotCompile: undefined,
  hotReloadBuild: undefined,
  customizedParam: undefined
}
[2026-09-27T00:26:54.485] [DEBUG] debug-file - hvigorfile, require result:  { default: { system: [Function: appTasks], plugins: [] } }
[2026-09-27T00:26:54.487] [DEBUG] debug-file - Starting plugin build process
[2026-09-27T00:26:54.613] [DEBUG] debug-file - App plugin register hook start...
[2026-09-27T00:26:54.616] [DEBUG] debug-file - Obtain build option for product 'default'in this build.
[2026-09-27T00:26:54.623] [DEBUG] debug-file - Start recording SDK configuration permission data.
[2026-09-27T00:26:54.652] [DEBUG] debug-file - Project task initialization takes 5 ms 
[2026-09-27T00:26:54.659] [DEBUG] debug-file - failed to load cangjie to dynamically generate schemas: Error: Cannot find module '@ohos/cangjie-build-support/index'
Require stack:
- F:\DevEco Studio\tools\hvigor\hvigor-ohos-plugin\src\plugin\hooks\cangjie-register.js
- F:\DevEco Studio\tools\hvigor\hvigor-ohos-plugin\src\plugin\strategy\stage-init-strategy.js
- F:\DevEco Studio\tools\hvigor\hvigor-ohos-plugin\src\plugin\builder\abstract-plugin-builder.js
- F:\DevEco Studio\tools\hvigor\hvigor-ohos-plugin\src\plugin\builder\app-plugin-builder.js
- F:\DevEco Studio\tools\hvigor\hvigor-ohos-plugin\src\plugin\factory\plugin-factory.js
- F:\DevEco Studio\tools\hvigor\hvigor-ohos-plugin\index.js
- F:\Programming\Code\VS_Code\ArkTS\PicaComic-HarmonyOS\ohos\hvigorfile.ts
- F:\DevEco Studio\tools\hvigor\hvigor\src\base\internal\lifecycle\configuration.js
- F:\DevEco Studio\tools\hvigor\hvigor\src\base\boot\index.js
- F:\DevEco Studio\tools\hvigor\hvigor\src\cli\main\cli.js
- F:\DevEco Studio\tools\hvigor\hvigor\bin\hvigor.js
[2026-09-27T00:26:54.664] [DEBUG] debug-file - Start initialize module-target build option map, moduleName=entry, buildMode=release
[2026-09-27T00:26:54.679] [DEBUG] debug-file - Start to initialize dependency information.
[2026-09-27T00:26:54.672] [DEBUG] debug-file - start to load updatedOhPackageInfo to the disk
[2026-09-27T00:26:54.688] [DEBUG] debug-file - Executing task :entry:default@PreBuild
[2026-09-27T00:26:54.670] [DEBUG] debug-file - project has submodules:entry
[2026-09-27T00:26:54.827] [DEBUG] debug-file - Executing task :entry:default@PreCheckSyscap
[2026-09-27T00:26:54.796] [DEBUG] debug-file - Executing task :entry:default@GenerateMetadata
[2026-09-27T00:26:54.828] [DEBUG] debug-file - Executing task :entry:default@GeneratePkgContextInfo
[2026-09-27T00:26:54.841] [DEBUG] debug-file - Executing task :entry:default@BuildNativeWithCmake
[2026-09-27T00:26:54.840] [DEBUG] debug-file - Executing task :entry:default@ProcessIntegratedHsp
[2026-09-27T00:26:54.843] [DEBUG] debug-file - Executing task :entry:default@MakePackInfo
[2026-09-27T00:26:54.845] [DEBUG] debug-file - Executing task :entry:default@SyscapTransform
[2026-09-27T00:26:54.823] [DEBUG] debug-file - Executing task :entry:default@CreateBuildProfile
[2026-09-27T00:26:54.944] [DEBUG] debug-file - Executing task :entry:default@ProcessRouterMap
[2026-09-27T00:26:54.954] [DEBUG] debug-file - Executing task :entry:default@ProcessStartupConfig
[2026-09-27T00:26:54.950] [DEBUG] debug-file - Executing task :entry:default@ProcessShareConfig
[2026-09-27T00:26:54.942] [DEBUG] debug-file - 12.0.2.0
[2026-09-27T00:26:54.963] [DEBUG] debug-file - Executing task :entry:default@GenerateLoaderJson
[2026-09-27T00:26:54.956] [DEBUG] debug-file - Executing task :entry:default@BuildNativeWithNinja
[2026-09-27T00:26:54.971] [DEBUG] debug-file - Executing task :entry:default@ProcessLibs
[2026-09-27T00:26:54.856] [DEBUG] debug-file - Executing task :entry:default@ProcessProfile
[2026-09-27T00:26:54.959] [DEBUG] debug-file - Executing task :entry:default@ProcessResource
[2026-09-27T00:26:54.974] [DEBUG] debug-file - Executing task :entry:default@CompileResource
[2026-09-27T00:26:53.011] [DEBUG] debug-file - env: hvigor-config.json5 content = { modelVersion: '5.0.0', dependencies: {} }
[2026-09-27T00:26:53.237] [DEBUG] debug-file - Cache service initialization finished in 4 ms 
[2026-09-27T00:26:54.485] [DEBUG] debug-file - hvigorfile, binding system plugins [Function: appTasks]
[2026-09-27T00:26:54.487] [DEBUG] debug-file - App plugin prepare start...
[2026-09-27T00:26:54.613] [DEBUG] debug-file - App plugin register hook end...
[2026-09-27T00:26:54.618] [DEBUG] debug-file - F:\Programming\Code\VS_Code\ArkTS\PicaComic-HarmonyOS\ohos\build\cache\default\remote_hsp\remoteHspCache.json not exists.
[2026-09-27T00:26:54.646] [DEBUG] debug-file - Sdk init in 28 ms 
[2026-09-27T00:26:54.652] [DEBUG] debug-file - hvigorfile, begin to bind custom plugins...
[2026-09-27T00:26:54.664] [DEBUG] debug-file - Target 'default' config initialized
[2026-09-27T00:26:54.680] [DEBUG] debug-file - Module entry Collected Dependency: 
[2026-09-27T00:26:54.673] [DEBUG] debug-file - load to the disk finished
[2026-09-27T00:26:54.691] [DEBUG] debug-file - Task 'entry:default@PreBuild' cost while wrapping incremental declarations: 1 ms 
[2026-09-27T00:26:54.827] [DEBUG] debug-file - entry : default@PreCheckSyscap cost memory 0.02005767822265625
[2026-09-27T00:26:54.796] [DEBUG] debug-file - Task 'entry:default@GenerateMetadata' cost while wrapping incremental declarations: 1 ms 
[2026-09-27T00:26:54.834] [DEBUG] debug-file - Task 'entry:default@GeneratePkgContextInfo' cost while wrapping incremental declarations: 1 ms 
[2026-09-27T00:26:54.842] [DEBUG] debug-file - entry : default@BuildNativeWithCmake cost memory 0.01865386962890625
[2026-09-27T00:26:54.844] [DEBUG] debug-file - Incremental task entry:default@MakePackInfo pre-execution cost: 1 ms .
[2026-09-27T00:26:54.840] [DEBUG] debug-file - entry:default@ProcessIntegratedHsp is not up-to-date, since the output file 'F:\Programming\Code\VS_Code\ArkTS\PicaComic-HarmonyOS\ohos\build\cache\default\integrated_hsp\integratedHspCache.json' does not exist.
[2026-09-27T00:26:54.946] [DEBUG] debug-file - entry:default@ProcessRouterMap is not up-to-date, since the task snapshots are different.
[2026-09-27T00:26:54.954] [DEBUG] debug-file - Task 'entry:default@ProcessStartupConfig' cost while wrapping incremental declarations: 1 ms 
[2026-09-27T00:26:54.952] [DEBUG] debug-file - entry:default@ProcessShareConfig is not up-to-date, since the task snapshots are different.
[2026-09-27T00:26:54.942] [DEBUG] debug-file - No need to add fake ui ability because of not in preview process.
[2026-09-27T00:26:54.963] [DEBUG] debug-file - Task 'entry:default@GenerateLoaderJson' cost while wrapping incremental declarations: 1 ms 
[2026-09-27T00:26:54.972] [DEBUG] debug-file - Task 'entry:default@ProcessLibs' cost while wrapping incremental declarations: 1 ms 
[2026-09-27T00:26:54.956] [DEBUG] debug-file - entry : default@BuildNativeWithNinja cost memory 0.0254058837890625
[2026-09-27T00:26:54.857] [DEBUG] debug-file - Task 'entry:default@ProcessProfile' cost while wrapping incremental declarations: 1 ms 
[2026-09-27T00:26:54.960] [DEBUG] debug-file - Task 'entry:default@ProcessResource' cost while wrapping incremental declarations: 1 ms 
[2026-09-27T00:26:54.845] [DEBUG] debug-file - File: 'F:\Programming\Code\VS_Code\ArkTS\PicaComic-HarmonyOS\ohos\entry\src\main\syscap.json' from 'sysCapJsonPath' is not exists, just ignore.
[2026-09-27T00:26:54.824] [DEBUG] debug-file - Task 'entry:default@CreateBuildProfile' cost while wrapping incremental declarations: 1 ms 
[2026-09-27T00:26:54.978] [DEBUG] debug-file - entry:default@CompileResource is not up-to-date, since the input file 'F:\Programming\Code\VS_Code\ArkTS\PicaComic-HarmonyOS\ohos\entry\build\default\intermediates\process_profile\default\module.json' has been changed.
[2026-09-27T00:26:54.985] [DEBUG] debug-file - current process  memoryUsage: {
  rss: 236158976,
  heapTotal: 178790400,
  heapUsed: 150631576,
  external: 4000145,
  arrayBuffers: 55973
} os memoryUsage :14.23855209350586
[2026-09-27T00:26:53.012] [DEBUG] debug-file - env: daemon=false
[2026-09-27T00:26:53.238] [DEBUG] debug-file - hvigorfile, resolving F:\Programming\Code\VS_Code\ArkTS\PicaComic-HarmonyOS\ohos\hvigorfile.ts
[2026-09-27T00:26:54.487] [DEBUG] debug-file - App plugin prepare end...
[2026-09-27T00:26:54.613] [DEBUG] debug-file - Plugin build process completed
[2026-09-27T00:26:54.619] [DEBUG] debug-file - Local scan or download HarmonyOS sdk components toolchains,ets,js,native,previewer
[2026-09-27T00:26:54.652] [DEBUG] debug-file - hvigorfile, no custom plugins were found in F:\Programming\Code\VS_Code\ArkTS\PicaComic-HarmonyOS\ohos\hvigorfile.ts
[2026-09-27T00:26:54.664] [DEBUG] debug-file - Module 'entry' target 'default' build option initialized
[2026-09-27T00:26:54.695] [DEBUG] debug-file - entry:default@PreBuild is not up-to-date, since the task snapshots are different.
[2026-09-27T00:26:54.680] [DEBUG] debug-file - Module entry's total dependency: 0
[2026-09-27T00:26:54.674] [DEBUG] debug-file - Start to initialize dependency information.
[2026-09-27T00:26:54.827] [DEBUG] debug-file - runTaskFromQueue task cost before running: 1 s 601 ms 
[2026-09-27T00:26:54.797] [DEBUG] debug-file - Incremental task entry:default@GenerateMetadata pre-execution cost: 1 ms .
[2026-09-27T00:26:54.842] [DEBUG] debug-file - runTaskFromQueue task cost before running: 1 s 616 ms 
[2026-09-27T00:26:54.835] [DEBUG] debug-file - entry : default@GeneratePkgContextInfo cost memory 0.41037750244140625
[2026-09-27T00:26:54.946] [DEBUG] debug-file - Incremental task entry:default@ProcessRouterMap pre-execution cost: 1 ms .
[2026-09-27T00:26:54.955] [DEBUG] debug-file - entry:default@ProcessStartupConfig is not up-to-date, since the output file 'F:\Programming\Code\VS_Code\ArkTS\PicaComic-HarmonyOS\ohos\entry\build\default\intermediates\startup\default\startup_config.json' does not exist.
[2026-09-27T00:26:54.844] [DEBUG] debug-file - entry : default@MakePackInfo cost memory 0.136474609375
[2026-09-27T00:26:54.840] [DEBUG] debug-file - Incremental task entry:default@ProcessIntegratedHsp pre-execution cost: 1 ms .
[2026-09-27T00:26:54.952] [DEBUG] debug-file - Incremental task entry:default@ProcessShareConfig pre-execution cost: 2 ms .
[2026-09-27T00:26:54.943] [DEBUG] debug-file - entry : default@ProcessProfile cost memory 1.7218170166015625
[2026-09-27T00:26:54.973] [DEBUG] debug-file - Incremental task entry:default@ProcessLibs pre-execution cost: 1 ms .
[2026-09-27T00:26:54.967] [DEBUG] debug-file - entry:default@GenerateLoaderJson is not up-to-date, since the input file 'F:\Programming\Code\VS_Code\ArkTS\PicaComic-HarmonyOS\ohos\entry\build\default\intermediates\router_map\default\temp-router-map.json' has been changed.
[2026-09-27T00:26:54.956] [DEBUG] debug-file - runTaskFromQueue task cost before running: 1 s 731 ms 
[2026-09-27T00:26:54.857] [DEBUG] debug-file - entry:default@ProcessProfile is not up-to-date, since the input file 'F:\Programming\Code\VS_Code\ArkTS\PicaComic-HarmonyOS\ohos\entry\build\default\intermediates\merge_profile\default\module.json' has been changed.
[2026-09-27T00:26:54.960] [DEBUG] debug-file - Incremental task entry:default@ProcessResource pre-execution cost: 1 ms .
[2026-09-27T00:26:54.845] [DEBUG] debug-file - Task 'entry:default@SyscapTransform' cost while wrapping incremental declarations: 1 ms 
[2026-09-27T00:26:54.825] [DEBUG] debug-file - entry:default@CreateBuildProfile is not up-to-date, since the task snapshots are different.
[2026-09-27T00:26:54.978] [DEBUG] debug-file - Incremental task entry:default@CompileResource pre-execution cost: 4 ms .
[2026-09-27T00:26:53.012] [DEBUG] debug-file - no-daemon, use the parent process.execArgv --max-old-space-size=8192,--max-semi-space-size=16,--expose-gc
[2026-09-27T00:26:54.487] [DEBUG] debug-file - App plugin creating...
[2026-09-27T00:26:54.614] [DEBUG] debug-file - Start initialize project's product build option map with build mode debug.
[2026-09-27T00:26:54.621] [DEBUG] debug-file - Local scan or download hmscore sdk components toolchains,ets,native
[2026-09-27T00:26:54.652] [DEBUG] debug-file - hvigorfile, resolve finished F:\Programming\Code\VS_Code\ArkTS\PicaComic-HarmonyOS\ohos\hvigorfile.ts
[2026-09-27T00:26:54.664] [DEBUG] debug-file - End initialize module-target build option map, moduleName=entry
[2026-09-27T00:26:54.695] [DEBUG] debug-file - Incremental task entry:default@PreBuild pre-execution cost: 3 ms .
[2026-09-27T00:26:54.682] [DEBUG] debug-file - Configuration phase cost:1 s 446 ms 
[2026-09-27T00:26:54.677] [DEBUG] debug-file - Module ohos Collected Dependency: 
[2026-09-27T00:26:54.827] [INFO] debug-file - Finished :entry:default@PreCheckSyscap... after 1 ms 
[2026-09-27T00:26:54.835] [DEBUG] debug-file - runTaskFromQueue task cost before running: 1 s 609 ms 
[2026-09-27T00:26:54.947] [DEBUG] debug-file - entry : default@ProcessRouterMap cost memory 0.15004730224609375
[2026-09-27T00:26:54.955] [DEBUG] debug-file - Incremental task entry:default@ProcessStartupConfig pre-execution cost: 1 ms .
[2026-09-27T00:26:54.844] [INFO] debug-file - UP-TO-DATE :entry:default@MakePackInfo...  
[2026-09-27T00:26:54.840] [DEBUG] debug-file - entry : default@ProcessIntegratedHsp cost memory 0.05826568603515625
[2026-09-27T00:26:54.953] [DEBUG] debug-file - entry : default@ProcessShareConfig cost memory 0.11905670166015625
[2026-09-27T00:26:54.842] [INFO] debug-file - Finished :entry:default@BuildNativeWithCmake... after 1 ms 
[2026-09-27T00:26:54.943] [DEBUG] debug-file - runTaskFromQueue task cost before running: 1 s 717 ms 
[2026-09-27T00:26:54.973] [DEBUG] debug-file - entry : default@ProcessLibs cost memory 0.12798309326171875
[2026-09-27T00:26:54.797] [DEBUG] debug-file - entry : default@GenerateMetadata cost memory 0.14011383056640625
[2026-09-27T00:26:54.967] [DEBUG] debug-file - Incremental task entry:default@GenerateLoaderJson pre-execution cost: 2 ms .
[2026-09-27T00:26:54.857] [DEBUG] debug-file - Incremental task entry:default@ProcessProfile pre-execution cost: 1 ms .
[2026-09-27T00:26:54.960] [DEBUG] debug-file - entry : default@ProcessResource cost memory 0.7049484252929688
[2026-09-27T00:26:54.957] [INFO] debug-file - Finished :entry:default@BuildNativeWithNinja... after 1 ms 
[2026-09-27T00:26:54.853] [DEBUG] debug-file - entry:default@SyscapTransform is not up-to-date, since the output file 'F:\Programming\Code\VS_Code\ArkTS\PicaComic-HarmonyOS\ohos\entry\build\default\intermediates\syscap\default\rpcid.sc' does not exist.
[2026-09-27T00:26:54.825] [DEBUG] debug-file - Incremental task entry:default@CreateBuildProfile pre-execution cost: 2 ms .
[2026-09-27T00:26:54.984] [DEBUG] debug-file - Use tool [F:\DevEco Studio\sdk\default\openharmony\toolchains\restool.exe]
 [
  'F:\\DevEco Studio\\sdk\\default\\openharmony\\toolchains\\restool.exe',
  '-l',
  'F:\\Programming\\Code\\VS_Code\\ArkTS\\PicaComic-HarmonyOS\\ohos\\entry\\build\\default\\intermediates\\res\\default\\resConfig.json'
]
[2026-09-27T00:26:54.614] [DEBUG] debug-file - Picking option from product 'default' with build mode 'debug'.
[2026-09-27T00:26:54.653] [DEBUG] debug-file - hvigorfile, resolving F:\Programming\Code\VS_Code\ArkTS\PicaComic-HarmonyOS\ohos\entry\hvigorfile.ts
[2026-09-27T00:26:54.664] [DEBUG] debug-file - Start initialize module-target build option map, moduleName=entry, buildMode=debug
[2026-09-27T00:26:54.789] [DEBUG] debug-file - current product is not Atomic service.
[2026-09-27T00:26:54.684] [DEBUG] debug-file - Configuration task cost before running: 1 s 458 ms 
[2026-09-27T00:26:54.677] [DEBUG] debug-file - Module ohos's total dependency: 0
[2026-09-27T00:26:54.947] [DEBUG] debug-file - runTaskFromQueue task cost before running: 1 s 721 ms 
[2026-09-27T00:26:54.835] [INFO] debug-file - Finished :entry:default@GeneratePkgContextInfo... after 7 ms 
[2026-09-27T00:26:54.955] [DEBUG] debug-file - entry : default@ProcessStartupConfig cost memory 0.099609375
[2026-09-27T00:26:54.840] [DEBUG] debug-file - runTaskFromQueue task cost before running: 1 s 615 ms 
[2026-09-27T00:26:54.953] [DEBUG] debug-file - runTaskFromQueue task cost before running: 1 s 727 ms 
[2026-09-27T00:26:54.943] [INFO] debug-file - Finished :entry:default@ProcessProfile... after 87 ms 
[2026-09-27T00:26:54.797] [INFO] debug-file - UP-TO-DATE :entry:default@GenerateMetadata...  
[2026-09-27T00:26:54.973] [INFO] debug-file - UP-TO-DATE :entry:default@ProcessLibs...  
[2026-09-27T00:26:54.969] [DEBUG] debug-file - entry : default@GenerateLoaderJson cost memory 0.5989913940429688
[2026-09-27T00:26:54.858] [DEBUG] debug-file - [
  'F:\\DevEco Studio\\tools\\node\\node.exe',
  'F:\\DevEco Studio\\sdk\\default\\openharmony\\ets\\build-tools\\ets-loader\\bin\\ark\\ts2abc.js',
  '--target-api-version',
  '12',
  '--target-api-sub-version',
  'beta1'
]
[2026-09-27T00:26:54.961] [INFO] debug-file - UP-TO-DATE :entry:default@ProcessResource...  
[2026-09-27T00:26:54.958] [DEBUG] debug-file - restool module names: entry; moduleName=entry, taskName=default@ProcessResource
[2026-09-27T00:26:54.853] [DEBUG] debug-file - Incremental task entry:default@SyscapTransform pre-execution cost: 8 ms .
[2026-09-27T00:26:54.826] [DEBUG] debug-file - entry : default@CreateBuildProfile cost memory 0.16699981689453125
[2026-09-27T00:26:54.614] [DEBUG] debug-file - Product 'default' build option initialized
[2026-09-27T00:26:54.657] [DEBUG] debug-file - hvigorfile, require result:  { default: { system: [Function: hapTasks], plugins: [] } }
[2026-09-27T00:26:54.947] [INFO] debug-file - Finished :entry:default@ProcessRouterMap... after 3 ms 
[2026-09-27T00:26:54.835] [DEBUG] debug-file - Executing task :entry:default@GeneratePkgSdkInfo
[2026-09-27T00:26:54.955] [DEBUG] debug-file - runTaskFromQueue task cost before running: 1 s 729 ms 
[2026-09-27T00:26:54.665] [DEBUG] debug-file - Target 'default' config initialized
[2026-09-27T00:26:54.841] [INFO] debug-file - Finished :entry:default@ProcessIntegratedHsp... after 1 ms 
[2026-09-27T00:26:54.789] [DEBUG] debug-file - Use tool [win32: JAVA_HOME, CLASSPATH]
 [ { JAVA_HOME: undefined }, { CLASSPATH: undefined } ]
[2026-09-27T00:26:54.974] [DEBUG] debug-file - restool module names: entry; moduleName=entry, taskName=default@CompileResource
[2026-09-27T00:26:54.969] [DEBUG] debug-file - runTaskFromQueue task cost before running: 1 s 743 ms 
[2026-09-27T00:26:54.798] [DEBUG] debug-file - Executing task :entry:default@ConfigureCmake
[2026-09-27T00:26:54.953] [INFO] debug-file - Finished :entry:default@ProcessShareConfig... after 3 ms 
[2026-09-27T00:26:54.853] [DEBUG] debug-file - entry : default@SyscapTransform cost memory 0.1387939453125
[2026-09-27T00:26:54.826] [DEBUG] debug-file - runTaskFromQueue task cost before running: 1 s 600 ms 
[2026-09-27T00:26:54.614] [DEBUG] debug-file - End initialize project's product build option map with build mode 'debug'.
[2026-09-27T00:26:54.657] [DEBUG] debug-file - hvigorfile, binding system plugins [Function: hapTasks]
[2026-09-27T00:26:54.837] [DEBUG] debug-file - Task 'entry:default@GeneratePkgSdkInfo' cost while wrapping incremental declarations: 1 ms 
[2026-09-27T00:26:54.955] [INFO] debug-file - Finished :entry:default@ProcessStartupConfig... after 1 ms 
[2026-09-27T00:26:54.665] [DEBUG] debug-file - Module 'entry' target 'default' build option initialized
[2026-09-27T00:26:54.789] [DEBUG] debug-file - Use tool [win32: NODE_HOME]
 [ { NODE_HOME: undefined } ]
[2026-09-27T00:26:54.853] [DEBUG] debug-file - runTaskFromQueue task cost before running: 1 s 628 ms 
[2026-09-27T00:26:54.826] [INFO] debug-file - Finished :entry:default@CreateBuildProfile... after 3 ms 
[2026-09-27T00:26:54.970] [INFO] debug-file - Finished :entry:default@GenerateLoaderJson... after 7 ms 
[2026-09-27T00:26:54.798] [DEBUG] debug-file - entry : default@ConfigureCmake cost memory 0.0164031982421875
[2026-09-27T00:26:54.657] [DEBUG] debug-file - Starting plugin build process
[2026-09-27T00:26:54.837] [DEBUG] debug-file - Incremental task entry:default@GeneratePkgSdkInfo pre-execution cost: 1 ms .
[2026-09-27T00:26:54.665] [DEBUG] debug-file - End initialize module-target build option map, moduleName=entry
[2026-09-27T00:26:54.790] [DEBUG] debug-file - entry : default@PreBuild cost memory 3.6124725341796875
[2026-09-27T00:26:54.854] [INFO] debug-file - Finished :entry:default@SyscapTransform... after 9 ms 
[2026-09-27T00:26:54.657] [DEBUG] debug-file - Hap plugin creating...
[2026-09-27T00:26:54.837] [DEBUG] debug-file - entry : default@GeneratePkgSdkInfo cost memory -0.13402557373046875
[2026-09-27T00:26:54.798] [DEBUG] debug-file - runTaskFromQueue task cost before running: 1 s 572 ms 
[2026-09-27T00:26:54.790] [DEBUG] debug-file - runTaskFromQueue task cost before running: 1 s 564 ms 
[2026-09-27T00:26:54.665] [DEBUG] debug-file - Start initialize module-target build option map, moduleName=entry, buildMode=debug
[2026-09-27T00:26:54.838] [INFO] debug-file - UP-TO-DATE :entry:default@GeneratePkgSdkInfo...  
[2026-09-27T00:26:54.791] [INFO] debug-file - Finished :entry:default@PreBuild... after 102 ms 
[2026-09-27T00:26:54.665] [DEBUG] debug-file - Target 'default' config initialized
[2026-09-27T00:26:54.798] [INFO] debug-file - Finished :entry:default@ConfigureCmake... after 1 ms 
[2026-09-27T00:26:54.792] [DEBUG] debug-file - Executing task :entry:default@CreateModuleInfo
[2026-09-27T00:26:54.665] [DEBUG] debug-file - Module 'entry' target 'default' build option initialized
[2026-09-27T00:26:54.799] [DEBUG] debug-file - Executing task :entry:default@MergeProfile
[2026-09-27T00:26:54.792] [DEBUG] debug-file - Task 'entry:default@CreateModuleInfo' cost while wrapping incremental declarations: 1 ms 
[2026-09-27T00:26:54.665] [DEBUG] debug-file - End initialize module-target build option map, moduleName=entry
[2026-09-27T00:26:54.799] [DEBUG] debug-file - Task 'entry:default@MergeProfile' cost while wrapping incremental declarations: 1 ms 
[2026-09-27T00:26:54.793] [DEBUG] debug-file - entry : default@CreateModuleInfo cost memory 0.05666351318359375
[2026-09-27T00:26:54.665] [DEBUG] debug-file - Obtain build option for module 'entry' target 'default'in this build.
[2026-09-27T00:26:54.800] [DEBUG] debug-file - entry:default@MergeProfile is not up-to-date, since the task snapshots are different.
[2026-09-27T00:26:54.793] [DEBUG] debug-file - runTaskFromQueue task cost before running: 1 s 567 ms 
[2026-09-27T00:26:54.669] [DEBUG] debug-file - Module entry task initialization takes 4 ms 
[2026-09-27T00:26:54.800] [DEBUG] debug-file - Incremental task entry:default@MergeProfile pre-execution cost: 1 ms .
[2026-09-27T00:26:54.669] [DEBUG] debug-file - Hap plugin register hook start...
[2026-09-27T00:26:54.793] [INFO] debug-file - Finished :entry:default@CreateModuleInfo... after 1 ms 
[2026-09-27T00:26:54.801] [DEBUG] debug-file - Change app api release type with 'Release'
[2026-09-27T00:26:54.669] [DEBUG] debug-file - Hap plugin register hook end...
[2026-09-27T00:26:54.801] [DEBUG] debug-file - Change app compile API version with '26.0.0.105'
[2026-09-27T00:26:54.669] [DEBUG] debug-file - Plugin build process completed
[2026-09-27T00:26:54.801] [DEBUG] debug-file - Change app target API version with '260000026'
[2026-09-27T00:26:54.669] [DEBUG] debug-file - hvigorfile, begin to bind custom plugins...
[2026-09-27T00:26:54.801] [DEBUG] debug-file - Change app minimum API version with '50000012'
[2026-09-27T00:26:54.669] [DEBUG] debug-file - hvigorfile, no custom plugins were found in F:\Programming\Code\VS_Code\ArkTS\PicaComic-HarmonyOS\ohos\entry\hvigorfile.ts
[2026-09-27T00:26:54.801] [DEBUG] debug-file - Use cli appEnvironment
[2026-09-27T00:26:54.669] [DEBUG] debug-file - hvigorfile, resolve finished F:\Programming\Code\VS_Code\ArkTS\PicaComic-HarmonyOS\ohos\entry\hvigorfile.ts
[2026-09-27T00:26:54.822] [DEBUG] debug-file - entry : default@MergeProfile cost memory 7.826515197753906
[2026-09-27T00:26:54.822] [DEBUG] debug-file - runTaskFromQueue task cost before running: 1 s 596 ms 
[2026-09-27T00:26:54.822] [INFO] debug-file - Finished :entry:default@MergeProfile... after 23 ms 
[2026-09-27T00:26:55.044] [DEBUG] debug-file - Info: Pack: normal pack mode

[2026-09-27T00:26:55.093] [DEBUG] debug-file - Info: hardware concurrency count is : 20
Info: thread count is : 20

[2026-09-27T00:26:55.093] [DEBUG] debug-file - Info: thread pool is started

[2026-09-27T00:26:55.094] [DEBUG] debug-file - Info: GenericCompiler::CompileFiles

[2026-09-27T00:26:55.098] [DEBUG] debug-file - Info: GenericCompiler::CompileFiles

[2026-09-27T00:26:55.098] [DEBUG] debug-file - Warning: 'F:\Programming\Code\VS_Code\ArkTS\PicaComic-HarmonyOS\ohos\entry\src\main\resources\base\media\app_icon.png' is defined repeatedly.

[2026-09-27T00:26:55.100] [DEBUG] debug-file - Info: GenericCompiler::CompileFiles

[2026-09-27T00:26:55.102] [DEBUG] debug-file - 09-27 00:26:55.102 47704 15720 I C01400/SvgDecodeUtils: SvgDecodeUtils::IsSvgFormat probe svg format, path:F:\Programming\Code\VS_Code\ArkTS\PicaComic-HarmonyOS\ohos\AppScope\resources\base\media\app_icon.png.

[2026-09-27T00:26:55.102] [DEBUG] debug-file - 09-27 00:26:55.102 47704 15720 E C01400/ImageTranscoderUtils: DecodeToRGBA IN
09-27 00:26:55.102 47704 15720 I C01400/SvgDecodeUtils: SvgDecodeUtils::IsSvgFormat probe svg format, path:F:\Programming\Code\VS_Code\ArkTS\PicaComic-HarmonyOS\ohos\AppScope\resources\base\media\app_icon.png.
09-27 00:26:55.102 47704 15720 E C01400/ImageTranscoderUtils: ImageFilter IN F:\Programming\Code\VS_Code\ArkTS\PicaComic-HarmonyOS\ohos\AppScope\resources\base\media\app_icon.png

[2026-09-27T00:26:55.102] [DEBUG] debug-file - 09-27 00:26:55.102 47704 15720 E C01400/ImageTranscoder: TranscodeSLR Only zoom-out is supported.

[2026-09-27T00:26:55.102] [DEBUG] debug-file - Warning: ScaleImage failed, error message: INVALID_PARAMETERS, file path = F:\Programming\Code\VS_Code\ArkTS\PicaComic-HarmonyOS\ohos\AppScope\resources\base\media\app_icon.png

[2026-09-27T00:26:55.103] [DEBUG] debug-file - Warning: The width or height of the png file referenced by the icon exceeds the limit (41 pixels)
at F:\Programming\Code\VS_Code\ArkTS\PicaComic-HarmonyOS\ohos\AppScope\resources\base\media\app_icon.png

[2026-09-27T00:26:55.104] [DEBUG] debug-file - Info: restool resources compile success.

[2026-09-27T00:26:55.104] [DEBUG] debug-file - Info: thread pool is stopped

[2026-09-27T00:26:55.168] [WARN] debug-file - Warning: 'start_window_background' conflict, first declared.
at F:\Programming\Code\VS_Code\ArkTS\PicaComic-HarmonyOS\ohos\AppScope\resources\base\element\color.json
but declared again.
at F:\Programming\Code\VS_Code\ArkTS\PicaComic-HarmonyOS\ohos\entry\src\main\resources\base\element\color.json

[2026-09-27T00:26:55.169] [DEBUG] debug-file - entry : default@CompileResource cost memory 3.2654495239257812
[2026-09-27T00:26:55.173] [DEBUG] debug-file - Executing task :entry:default@CompileArkTS
[2026-09-27T00:26:55.171] [DEBUG] debug-file - Executing task :entry:default@DoNativeStrip
[2026-09-27T00:26:55.197] [DEBUG] debug-file - Executing task :entry:default@CacheNativeLibs
[2026-09-27T00:26:55.169] [DEBUG] debug-file - runTaskFromQueue task cost before running: 1 s 944 ms 
[2026-09-27T00:26:55.174] [DEBUG] debug-file - obfuscationOptions: undefined
[2026-09-27T00:26:55.187] [DEBUG] debug-file - Create  resident worker with id: 0.
[2026-09-27T00:26:55.171] [DEBUG] debug-file - File: 'F:\Programming\Code\VS_Code\ArkTS\PicaComic-HarmonyOS\ohos\entry\build\default\intermediates\binxo\default' from 'doBinxoNativeLibs' is not exists, just ignore.
[2026-09-27T00:26:55.194] [DEBUG] debug-file - Executing task :entry:default@BuildJS
[2026-09-27T00:26:55.197] [DEBUG] debug-file - File: 'F:\Programming\Code\VS_Code\ArkTS\PicaComic-HarmonyOS\ohos\entry\build\default\intermediates\binxo\default' from 'cacheBinxoNativeLibs' is not exists, just ignore.
[2026-09-27T00:26:55.170] [INFO] debug-file - Finished :entry:default@CompileResource... after 196 ms 
[2026-09-27T00:26:55.175] [DEBUG] debug-file - Task 'entry:default@CompileArkTS' cost while wrapping incremental declarations: 1 ms 
[2026-09-27T00:26:55.189] [DEBUG] debug-file - Create  resident worker with id: 1.
[2026-09-27T00:26:55.172] [DEBUG] debug-file - Task 'entry:default@DoNativeStrip' cost while wrapping incremental declarations: 1 ms 
[2026-09-27T00:26:55.197] [DEBUG] debug-file - Task 'entry:default@CacheNativeLibs' cost while wrapping incremental declarations: 1 ms 
[2026-09-27T00:26:55.194] [DEBUG] debug-file - Task 'entry:default@BuildJS' cost while wrapping incremental declarations: 1 ms 
[2026-09-27T00:26:55.178] [DEBUG] debug-file - entry:default@CompileArkTS is not up-to-date, since the input file 'F:\Programming\Code\VS_Code\ArkTS\PicaComic-HarmonyOS\ohos\entry\build\default\intermediates\loader\default' has been changed.
[2026-09-27T00:26:55.190] [DEBUG] debug-file - before submitting ArkTS compile task to worker pool, config.buildDir: F:\Programming\Code\VS_Code\ArkTS\PicaComic-HarmonyOS\ohos\entry\build
[2026-09-27T00:26:55.172] [DEBUG] debug-file - Incremental task entry:default@DoNativeStrip pre-execution cost: 1 ms .
[2026-09-27T00:26:55.198] [DEBUG] debug-file - Incremental task entry:default@CacheNativeLibs pre-execution cost: 1 ms .
[2026-09-27T00:26:55.196] [DEBUG] debug-file - entry : default@BuildJS cost memory 0.1566162109375
[2026-09-27T00:26:55.178] [DEBUG] debug-file - Incremental task entry:default@CompileArkTS pre-execution cost: 2 ms .
[2026-09-27T00:26:55.190] [DEBUG] debug-file - default@CompileArkTS work[0] is submitted.
[2026-09-27T00:26:55.172] [DEBUG] debug-file - entry : default@DoNativeStrip cost memory 0.9449081420898438
[2026-09-27T00:26:55.198] [DEBUG] debug-file - entry : default@CacheNativeLibs cost memory 0.25743865966796875
[2026-09-27T00:26:55.196] [DEBUG] debug-file - runTaskFromQueue task cost before running: 1 s 970 ms 
[2026-09-27T00:26:55.185] [DEBUG] debug-file - build config:
[2026-09-27T00:26:55.191] [DEBUG] debug-file - default@CompileArkTS work[0] is pushed to ready queue.
[2026-09-27T00:26:55.172] [INFO] debug-file - UP-TO-DATE :entry:default@DoNativeStrip...  
[2026-09-27T00:26:55.196] [INFO] debug-file - Finished :entry:default@BuildJS... after 2 ms 
[2026-09-27T00:26:55.191] [DEBUG] debug-file - A work dispatched to worker[19] failed because unable to get work from ready queue.
[2026-09-27T00:26:55.198] [INFO] debug-file - UP-TO-DATE :entry:default@CacheNativeLibs...  
[2026-09-27T00:26:55.185] [DEBUG] debug-file - {
  moduleType: 'entry',
  perf: 0,
  targetName: '.default',
  packageManagerType: 'ohpm',
  localPropertiesPath: 'F:\\Programming\\Code\\VS_Code\\ArkTS\\PicaComic-HarmonyOS\\ohos\\local.properties',
  isPreview: false,
  isOhosTest: false,
  isLocalTest: false,
  buildMode: 'Debug',
  hotReloadBuild: undefined,
  watchMode: 'false',
  aceProfilePath: 'F:\\Programming\\Code\\VS_Code\\ArkTS\\PicaComic-HarmonyOS\\ohos\\entry\\build\\default\\intermediates\\res\\default\\resources\\base\\profile',
  etsLoaderPath: 'F:\\DevEco Studio\\sdk\\default\\openharmony\\ets\\build-tools\\ets-loader',
  modulePath: 'F:\\Programming\\Code\\VS_Code\\ArkTS\\PicaComic-HarmonyOS\\ohos\\entry',
  testFrameworkPar: {
    testMode: undefined,
    coveragePathFilter: undefined,
    coverageMode: undefined
  },
  needCoverageInsert: false,
  debugLine: false,
  projectTopDir: 'F:\\Programming\\Code\\VS_Code\\ArkTS\\PicaComic-HarmonyOS\\ohos',
  compileSdkVersion: 26,
  compatibleSdkVersion: 12,
  originCompatibleSdkVersion: '5.0.0(12)',
  compatibleSdkVersionStage: 'beta1',
  bundleName: 'c***y',
  etsLoaderVersion: '26.0.0.105',
  etsLoaderReleaseType: 'Release',
  aotCompileMode: 'type',
  apPath: 'F:\\Programming\\Code\\VS_Code\\ArkTS\\PicaComic-HarmonyOS\\ohos\\entry\\modules.ap',
  entryModuleName: 'entry',
  entryModuleVersion: '1.0.0',
  entryPackageName: 'entry',
  allModuleNameHash: 'c7c75bee3dedd9a83725cc5bf1ce7a588416c95f027b81b9cd778eed34de8ccc',
  externalApiPaths: [ 'F:\\DevEco Studio\\sdk\\default\\hms\\ets' ],
  compilerTypes: [],
  isCrossplatform: false,
  hvigorPluginFile: undefined,
  compilePluginPath: undefined,
  buildGeneratedProfilePath: 'F:\\Programming\\Code\\VS_Code\\ArkTS\\PicaComic-HarmonyOS\\ohos\\entry\\build\\default\\generated\\profile\\default',
  bundleType: 'app',
  arkTSVersion: undefined,
  apiVersion: 26,
  needCompleteSourcesMap: false,
  isFaMode: false,
  buildDir: 'F:\\Programming\\Code\\VS_Code\\ArkTS\\PicaComic-HarmonyOS\\ohos\\entry\\build',
  buildCacheProjectDir: 'F:\\Programming\\Code\\VS_Code\\ArkTS\\PicaComic-HarmonyOS\\ohos',
  deviceTypes: [ 'phone', 'tablet', '2in1' ],
  pkgContextInfo: undefined,
  ohPackagePathMap: {},
  dependencyAliasMap: {},
  permission: {
    requestPermissions: [ [Object], [Object], [Object], [Object], [Object] ],
    definePermissions: undefined
  },
  useGetCurrentBundleName: false,
  projectArkOption: undefined,
  sourceMapDir: undefined,
  branchElimination: false,
  transformLib: undefined,
  tsImportSendable: false,
  resolveConflictMode: true,
  depName2RootPath: {},
  depName2DepInfo: {},
  depName2OhExports: {},
  rootPathSet: [
    'F:\\Programming\\Code\\VS_Code\\ArkTS\\PicaComic-HarmonyOS\\ohos'
  ],
  useNativeResolver: true,
  shouldEmitJs: true,
  useUnifiedAst: false,
  useTscResolve: false,
  singleFileEmit: false,
  userProjectConfig: {
    autoLazyImport: false,
    allowEmptyBundleName: false,
    reExportCheckMode: 'noCheck',
    executionMode: 'memory',
    usePathPlaceholder: false,
    writeRollupCache: true,
    isExpandImportEnabled: false,
    expandImportExclude: '',
    lazyImportExclude: '',
    lazyImportInclude: '',
    ignoreCrossplatformCheck: false,
    isHarDeduplicateEnabled: false,
    skipOhModulesLint: false,
    enableStrictCheckOHModule: false,
    disableSendableCheckRules: [],
    useDeclarationFileSignature: false,
    customizedOptions: undefined,
    integratedHsp: false,
    tsImportSoCheck: false,
    isPreloadSoEnabled: false
  },
  executionMode: 'memory',
  arkCompileCachePath: 'F:\\Programming\\Code\\VS_Code\\ArkTS\\PicaComic-HarmonyOS\\ohos\\entry\\build\\default\\cache\\default\\default@CompileArkTS\\esmodule',
  autoLazyFilter: undefined,
  isHarDeduplicateEnabled: false,
  intermediateHarDuplicateDirPath: 'F:\\Programming\\Code\\VS_Code\\ArkTS\\PicaComic-HarmonyOS\\ohos\\entry\\build\\default\\intermediates\\har_duplicate\\default',
  autoLazyImport: false,
  allowEmptyBundleName: false,
  reExportCheckMode: 'noCheck',
  usePathPlaceholder: false,
  writeRollupCache: true,
  isExpandImportEnabled: false,
  expandImportExclude: '',
  lazyImportExclude: '',
  lazyImportInclude: '',
  ignoreCrossplatformCheck: false,
  skipOhModulesLint: false,
  enableStrictCheckOHModule: false,
  disableSendableCheckRules: [],
  useDeclarationFileSignature: false,
  customizedOptions: undefined,
  integratedHsp: false,
  tsImportSoCheck: false,
  isPreloadSoEnabled: false,
  strictMode: { caseSensitiveCheck: true },
  useNormalizedOHMUrl: false,
  caseSensitiveCheck: true,
  strictCheckerOnly: false,
  aceModuleJsonPath: 'F:\\Programming\\Code\\VS_Code\\ArkTS\\PicaComic-HarmonyOS\\ohos\\entry\\build\\default\\intermediates\\res\\default\\ark_module.json',
  appResource: 'F:\\Programming\\Code\\VS_Code\\ArkTS\\PicaComic-HarmonyOS\\ohos\\entry\\build\\default\\intermediates\\res\\default\\ResourceTable.txt',
  rawFileResource: 'F:\\Programming\\Code\\VS_Code\\ArkTS\\PicaComic-HarmonyOS\\ohos\\entry\\build\\default\\intermediates\\res\\default\\resources\\rawfile',
  resourceTableHash: 'aa052d2ef3cfe5791bcc0daeecae47111825f8849102b4966d84d69d73bf6c1e',
  runtimeOS: 'HarmonyOS',
  sdkInfo: 'false:26:26.0.0.105:Release',
  aceModuleRoot: 'F:\\Programming\\Code\\VS_Code\\ArkTS\\PicaComic-HarmonyOS\\ohos\\entry\\src\\main\\ets',
  compileMode: 'esmodule',
  aceSuperVisualPath: 'F:\\Programming\\Code\\VS_Code\\ArkTS\\PicaComic-HarmonyOS\\ohos\\entry\\src\\main\\supervisual',
  aceBuildJson: 'F:\\Programming\\Code\\VS_Code\\ArkTS\\PicaComic-HarmonyOS\\ohos\\entry\\build\\default\\intermediates\\loader\\default\\loader.json',
  cachePath: 'F:\\Programming\\Code\\VS_Code\\ArkTS\\PicaComic-HarmonyOS\\ohos\\entry\\build\\default\\cache\\default\\default@CompileArkTS\\esmodule\\debug',
  aceModuleBuild: 'F:\\Programming\\Code\\VS_Code\\ArkTS\\PicaComic-HarmonyOS\\ohos\\entry\\build\\default\\intermediates\\loader_out\\default\\ets',
  supportChunks: true,
  declaredFilesPath: undefined,
  shouldCollectDirectImportees: false,
  isByteCodeHarOptimize: false,
  expandImportPath: undefined,
  resourceTableTs: 'F:\\Programming\\Code\\VS_Code\\ArkTS\\PicaComic-HarmonyOS\\ohos\\entry\\build\\default\\generated\\r\\default\\ResourceTable.ts',
  moduleMetaInfoFiles: [
    {
      filePath: 'F:\\Programming\\Code\\VS_Code\\ArkTS\\PicaComic-HarmonyOS\\ohos\\entry\\build\\default\\generated\\r\\default\\ResourceTable.ts',
      ohmurl: 'com.picacomic.harmony/entry/build/generated/r/ResourceTable'
    }
  ],
  pkgNameToPkgBriefInfo: {
    entry: {
      pkgRoot: 'F:\\Programming\\Code\\VS_Code\\ArkTS\\PicaComic-HarmonyOS\\ohos\\entry',
      originalSourceRoots: undefined,
      sourceRoots: [Array],
      pkgName: 'entry'
    }
  },
  projectModel: {
    'F:\\Programming\\Code\\VS_Code\\ArkTS\\PicaComic-HarmonyOS\\ohos\\entry\\src\\main': {
      moduleName: 'entry',
      modulePkgPath: 'F:\\Programming\\Code\\VS_Code\\ArkTS\\PicaComic-HarmonyOS\\ohos\\entry',
      belongProjectPath: 'F:\\Programming\\Code\\VS_Code\\ArkTS\\PicaComic-HarmonyOS\\ohos'
    },
    'F:\\Programming\\Code\\VS_Code\\ArkTS\\PicaComic-HarmonyOS\\ohos\\entry': {
      moduleName: 'entry',
      modulePkgPath: 'F:\\Programming\\Code\\VS_Code\\ArkTS\\PicaComic-HarmonyOS\\ohos\\entry',
      belongProjectPath: 'F:\\Programming\\Code\\VS_Code\\ArkTS\\PicaComic-HarmonyOS\\ohos'
    },
    'F:\\Programming\\Code\\VS_Code\\ArkTS\\PicaComic-HarmonyOS\\ohos': {
      moduleName: 'ohos',
      modulePkgPath: 'F:\\Programming\\Code\\VS_Code\\ArkTS\\PicaComic-HarmonyOS\\ohos',
      belongProjectPath: 'F:\\Programming\\Code\\VS_Code\\ArkTS\\PicaComic-HarmonyOS\\ohos'
    }
  },
  pkgJsonFileHash: '0371deda54d2eb1af4fd159364bcb6513ba15d14ee908ed2d815ab694b5db363',
  allModulePaths: [
    'F:\\Programming\\Code\\VS_Code\\ArkTS\\PicaComic-HarmonyOS\\ohos\\entry'
  ],
  routerMap: {},
  obfuscationOptions: undefined,
  byteCodeHarToDependencyKeys: undefined,
  compileBlockPkg: [],
  mockParams: {
    decorator: '@MockSetup',
    packageName: '@ohos/hamock',
    etsSourceRootPath: 'src/main/ets',
    mockConfigPath: undefined,
    mockConfigKey2ModuleInfo: {},
    source2ModuleIdMap: {}
  },
  copyCodeResourceEnable: true,
  copyCodeResourceExcludes: [],
  copyCodeResourceIncludes: undefined,
  uiTransformOptimization: false,
  sdkPath: 'F:/DevEco Studio/sdk',
  needPreloadSoFileSet: {},
  preloadSoFilePath: 'F:\\Programming\\Code\\VS_Code\\ArkTS\\PicaComic-HarmonyOS\\ohos\\entry\\build\\default\\intermediates\\preload\\default\\preload.json',
  useSourceHash: false,
  localModuleParamMap: {},
  otherPaths: {
    'entry/*': [
      '..\\*',
      '..\\..\\..\\build\\default\\generated\\profile\\default\\*'
    ]
  },
  collectImportersConfig: undefined
}
[2026-09-27T00:26:55.191] [DEBUG] debug-file - A work dispatched to worker[18] failed because unable to get work from ready queue.
[2026-09-27T00:26:55.186] [DEBUG] debug-file - Compile arkts with external api path: F:\DevEco Studio\sdk\default\hms\ets
[2026-09-27T00:26:55.186] [DEBUG] debug-file - Since there is no instance or instance is terminated, create a new worker pool.
[2026-09-27T00:26:55.191] [DEBUG] debug-file - A work dispatched to worker[17] failed because unable to get work from ready queue.
[2026-09-27T00:26:55.186] [DEBUG] debug-file - Worker pool is initialized with config:  {
  minPoolNum: 2,
  maxPoolNum: undefined,
  maxCoreSize: undefined,
  cacheCapacity: undefined,
  cacheTtl: undefined
}
[2026-09-27T00:26:55.191] [DEBUG] debug-file - A work dispatched to worker[16] failed because unable to get work from ready queue.
[2026-09-27T00:26:55.191] [DEBUG] debug-file - A work dispatched to worker[15] failed because unable to get work from ready queue.
[2026-09-27T00:26:55.191] [DEBUG] debug-file - A work dispatched to worker[14] failed because unable to get work from ready queue.
[2026-09-27T00:26:55.191] [DEBUG] debug-file - A work dispatched to worker[13] failed because unable to get work from ready queue.
[2026-09-27T00:26:55.191] [DEBUG] debug-file - A work dispatched to worker[12] failed because unable to get work from ready queue.
[2026-09-27T00:26:55.191] [DEBUG] debug-file - A work dispatched to worker[11] failed because unable to get work from ready queue.
[2026-09-27T00:26:55.191] [DEBUG] debug-file - A work dispatched to worker[10] failed because unable to get work from ready queue.
[2026-09-27T00:26:55.191] [DEBUG] debug-file - A work dispatched to worker[9] failed because unable to get work from ready queue.
[2026-09-27T00:26:55.191] [DEBUG] debug-file - A work dispatched to worker[8] failed because unable to get work from ready queue.
[2026-09-27T00:26:55.191] [DEBUG] debug-file - A work dispatched to worker[7] failed because unable to get work from ready queue.
[2026-09-27T00:26:55.191] [DEBUG] debug-file - A work dispatched to worker[6] failed because unable to get work from ready queue.
[2026-09-27T00:26:55.191] [DEBUG] debug-file - A work dispatched to worker[5] failed because unable to get work from ready queue.
[2026-09-27T00:26:55.191] [DEBUG] debug-file - Create  resident worker with id: 4.
[2026-09-27T00:26:55.192] [DEBUG] debug-file - default@CompileArkTS work[0] has been dispatched to worker[4].
[2026-09-27T00:26:55.192] [DEBUG] debug-file - default@CompileArkTS work[0] is dispatched.
[2026-09-27T00:26:55.192] [DEBUG] debug-file - CopyResources startTime: 198220598536100
[2026-09-27T00:26:55.192] [DEBUG] debug-file - default@CompileArkTS work[1] is submitted.
[2026-09-27T00:26:55.192] [DEBUG] debug-file - default@CompileArkTS work[1] is pushed to ready queue.
[2026-09-27T00:26:55.192] [DEBUG] debug-file - A work dispatched to worker[19] failed because unable to get work from ready queue.
[2026-09-27T00:26:55.192] [DEBUG] debug-file - Create  resident worker with id: 18.
[2026-09-27T00:26:55.192] [DEBUG] debug-file - default@CompileArkTS work[1] has been dispatched to worker[18].
[2026-09-27T00:26:55.192] [DEBUG] debug-file - default@CompileArkTS work[1] is dispatched.
[2026-09-27T00:26:55.192] [DEBUG] debug-file - entry : default@CompileArkTS cost memory 2.1278076171875
[2026-09-27T00:26:55.743] [DEBUG] debug-file - worker[18] has one work done.
[2026-09-27T00:26:55.743] [DEBUG] debug-file - CopyResources is end, endTime: 198221149611000
[2026-09-27T00:26:55.743] [DEBUG] debug-file - default@CompileArkTS work[1] done.
[2026-09-27T00:26:55.743] [DEBUG] debug-file - A work dispatched to worker[18] failed because unable to get work from ready queue.
[2026-09-27T00:27:00.123] [WARN] debug-file - [33mWARN: [33m[33mArkTS:WARN File: F:/Programming/Code/VS_Code/ArkTS/PicaComic-HarmonyOS/ohos/entry/src/main/ets/pages/MainPage.ets:188:88
 'pushUrl' has been deprecated.
[39m[39m
[33mWARN: [33m[33mArkTS:WARN File: F:/Programming/Code/VS_Code/ArkTS/PicaComic-HarmonyOS/ohos/entry/src/main/ets/pages/MainPage.ets:189:88
 'pushUrl' has been deprecated.
[39m[39m
[33mWARN: [33m[33mArkTS:WARN File: F:/Programming/Code/VS_Code/ArkTS/PicaComic-HarmonyOS/ohos/entry/src/main/ets/pages/MainPage.ets:192:69
 'pushUrl' has been deprecated.
[39m[39m
[33mWARN: [33m[33mArkTS:WARN File: F:/Programming/Code/VS_Code/ArkTS/PicaComic-HarmonyOS/ohos/entry/src/main/ets/pages/MainPage.ets:237:38
 'pushUrl' has been deprecated.
[39m[39m
[33mWARN: [33m[33mArkTS:WARN File: F:/Programming/Code/VS_Code/ArkTS/PicaComic-HarmonyOS/ohos/entry/src/main/ets/pages/MainPage.ets:237:38
 Function may throw exceptions. Special handling is required.
[39m[39m
[33mWARN: [33m[33mArkTS:WARN File: F:/Programming/Code/VS_Code/ArkTS/PicaComic-HarmonyOS/ohos/entry/src/main/ets/components/SearchBar.ets:9:54
 The system capacity of this api 'TextInputController' is not supported on all devices
[39m[39m
[33mWARN: [33m[33mArkTS:WARN File: F:/Programming/Code/VS_Code/ArkTS/PicaComic-HarmonyOS/ohos/entry/src/main/ets/pages/SearchPage.ets:22:35
 'back' has been deprecated.
[39m[39m
[33mWARN: [33m[33mArkTS:WARN File: F:/Programming/Code/VS_Code/ArkTS/PicaComic-HarmonyOS/ohos/entry/src/main/ets/pages/HistoryPage.ets:17:35
 'back' has been deprecated.
[39m[39m
[33mWARN: [33m[33mArkTS:WARN File: F:/Programming/Code/VS_Code/ArkTS/PicaComic-HarmonyOS/ohos/entry/src/main/ets/pages/FavoritesPage.ets:15:35
 'back' has been deprecated.
[39m[39m
[33mWARN: [33m[33mArkTS:WARN File: F:/Programming/Code/VS_Code/ArkTS/PicaComic-HarmonyOS/ohos/entry/src/main/ets/pages/DownloadPage.ets:15:35
 'back' has been deprecated.
[39m[39m
[33mWARN: [33m[33mArkTS:WARN File: F:/Programming/Code/VS_Code/ArkTS/PicaComic-HarmonyOS/ohos/entry/src/main/ets/pages/ComicDetailPage.ets:15:27
 'getParams' has been deprecated.
[39m[39m
[33mWARN: [33m[33mArkTS:WARN File: F:/Programming/Code/VS_Code/ArkTS/PicaComic-HarmonyOS/ohos/entry/src/main/ets/pages/ComicDetailPage.ets:31:35
 'back' has been deprecated.
[39m[39m
[33mWARN: [33m[33mArkTS:WARN File: F:/Programming/Code/VS_Code/ArkTS/PicaComic-HarmonyOS/ohos/entry/src/main/ets/pages/reader/ReaderPage.ets:15:27
 'getParams' has been deprecated.
[39m[39m
[33mWARN: [33m[33mArkTS:WARN File: F:/Programming/Code/VS_Code/ArkTS/PicaComic-HarmonyOS/ohos/entry/src/main/ets/pages/reader/ReaderPage.ets:61:39
 'back' has been deprecated.
[39m[39m
[33mWARN: [33m[33mArkTS:WARN File: F:/Programming/Code/VS_Code/ArkTS/PicaComic-HarmonyOS/ohos/entry/src/main/ets/pages/settings/SettingsPage.ets:19:35
 'back' has been deprecated.
[39m[39m
[33mWARN: [33m[33mArkTS:WARN File: F:/Programming/Code/VS_Code/ArkTS/PicaComic-HarmonyOS/ohos/entry/src/main/ets/pages/settings/SettingsPage.ets:43:20
 'pushUrl' has been deprecated.
[39m[39m
[33mWARN: [33m[33mArkTS:WARN File: F:/Programming/Code/VS_Code/ArkTS/PicaComic-HarmonyOS/ohos/entry/src/main/ets/pages/settings/SettingsPage.ets:74:20
 'pushUrl' has been deprecated.
[39m[39m
[33mWARN: [33m[33mArkTS:WARN File: F:/Programming/Code/VS_Code/ArkTS/PicaComic-HarmonyOS/ohos/entry/src/main/ets/pages/settings/SettingsPage.ets:77:20
 'pushUrl' has been deprecated.
[39m[39m
[33mWARN: [33m[33mArkTS:WARN File: F:/Programming/Code/VS_Code/ArkTS/PicaComic-HarmonyOS/ohos/entry/src/main/ets/pages/settings/SettingsPage.ets:92:20
 'pushUrl' has been deprecated.
[39m[39m
[33mWARN: [33m[33mArkTS:WARN File: F:/Programming/Code/VS_Code/ArkTS/PicaComic-HarmonyOS/ohos/entry/src/main/ets/pages/settings/AboutPage.ets:16:35
 'back' has been deprecated.
[39m[39m
[33mWARN: [33m[33mArkTS:WARN File: F:/Programming/Code/VS_Code/ArkTS/PicaComic-HarmonyOS/ohos/entry/src/main/ets/pages/settings/JmSettings.ets:33:35
 'back' has been deprecated.
[39m[39m
[33mWARN: [33m[33mArkTS:WARN File: F:/Programming/Code/VS_Code/ArkTS/PicaComic-HarmonyOS/ohos/entry/src/main/ets/pages/settings/HtSettings.ets:28:35
 'back' has been deprecated.
[39m[39m
[33mWARN: [33m[33mArkTS:WARN File: F:/Programming/Code/VS_Code/ArkTS/PicaComic-HarmonyOS/ohos/entry/src/main/ets/pages/settings/ReadingSettings.ets:40:35
 'back' has been deprecated.
[39m[39m
[33mWARN: [33m[33mArkTS:WARN File: F:/Programming/Code/VS_Code/ArkTS/PicaComic-HarmonyOS/ohos/entry/src/main/ets/pages/settings/ExploreSettings.ets:29:35
 'back' has been deprecated.
[39m[39m
[33mWARN: [33m[33mArkTS:WARN File: F:/Programming/Code/VS_Code/ArkTS/PicaComic-HarmonyOS/ohos/entry/src/main/ets/pages/settings/AppSettings.ets:18:35
 'back' has been deprecated.
[39m[39m
[33mWARN: [33m[33mArkTS:WARN File: F:/Programming/Code/VS_Code/ArkTS/PicaComic-HarmonyOS/ohos/entry/src/main/ets/pages/settings/NetworkSettings.ets:20:35
 'back' has been deprecated.
[39m[39m
[33mWARN: [33m[33mArkTS:WARN File: F:/Programming/Code/VS_Code/ArkTS/PicaComic-HarmonyOS/ohos/entry/src/main/ets/pages/nhentai/NhHome.ets:25:35
 'back' has been deprecated.
[39m[39m
[33mWARN: [33m[33mArkTS:WARN File: F:/Programming/Code/VS_Code/ArkTS/PicaComic-HarmonyOS/ohos/entry/src/main/ets/pages/nhentai/NhHome.ets:69:22
 'pushUrl' has been deprecated.
[39m[39m
[33mWARN: [33m[33mArkTS:WARN File: F:/Programming/Code/VS_Code/ArkTS/PicaComic-HarmonyOS/ohos/entry/src/main/ets/pages/hitomi/HitomiHome.ets:25:35
 'back' has been deprecated.
[39m[39m
[33mWARN: [33m[33mArkTS:WARN File: F:/Programming/Code/VS_Code/ArkTS/PicaComic-HarmonyOS/ohos/entry/src/main/ets/pages/hitomi/HitomiHome.ets:69:22
 'pushUrl' has been deprecated.
[39m[39m
[33mWARN: [33m[33mArkTS:WARN File: F:/Programming/Code/VS_Code/ArkTS/PicaComic-HarmonyOS/ohos/entry/src/main/ets/pages/picacg/PicacgHome.ets:25:35
 'back' has been deprecated.
[39m[39m
[33mWARN: [33m[33mArkTS:WARN File: F:/Programming/Code/VS_Code/ArkTS/PicaComic-HarmonyOS/ohos/entry/src/main/ets/pages/picacg/PicacgHome.ets:69:22
 'pushUrl' has been deprecated.
[39m[39m
[33mWARN: [33m[33mArkTS:WARN File: F:/Programming/Code/VS_Code/ArkTS/PicaComic-HarmonyOS/ohos/entry/src/main/ets/pages/ehentai/EhHome.ets:25:35
 'back' has been deprecated.
[39m[39m
[33mWARN: [33m[33mArkTS:WARN File: F:/Programming/Code/VS_Code/ArkTS/PicaComic-HarmonyOS/ohos/entry/src/main/ets/pages/ehentai/EhHome.ets:69:22
 'pushUrl' has been deprecated.
[39m[39m
[33mWARN: [33m[33mArkTS:WARN File: F:/Programming/Code/VS_Code/ArkTS/PicaComic-HarmonyOS/ohos/entry/src/main/ets/pages/jm/JmHome.ets:25:35
 'back' has been deprecated.
[39m[39m
[33mWARN: [33m[33mArkTS:WARN File: F:/Programming/Code/VS_Code/ArkTS/PicaComic-HarmonyOS/ohos/entry/src/main/ets/pages/jm/JmHome.ets:69:22
 'pushUrl' has been deprecated.
[39m[39m
[33mWARN: [33m[33mArkTS:WARN File: F:/Programming/Code/VS_Code/ArkTS/PicaComic-HarmonyOS/ohos/entry/src/main/ets/pages/htcomic/HtHome.ets:25:35
 'back' has been deprecated.
[39m[39m
[33mWARN: [33m[33mArkTS:WARN File: F:/Programming/Code/VS_Code/ArkTS/PicaComic-HarmonyOS/ohos/entry/src/main/ets/pages/htcomic/HtHome.ets:69:22
 'pushUrl' has been deprecated.
[39m[39m

[2026-09-27T00:27:00.123] [DEBUG] debug-file - Ark compile task finished.finished time is 198225530062000
[2026-09-27T00:27:00.123] [DEBUG] debug-file - worker[4] has one work done.
[2026-09-27T00:27:00.125] [DEBUG] debug-file - default@CompileArkTS work[0] done.
[2026-09-27T00:27:00.125] [DEBUG] debug-file - A work dispatched to worker[4] failed because unable to get work from ready queue.
[2026-09-27T00:27:00.137] [DEBUG] debug-file - default@PackageHap work[2] is submitted.
[2026-09-27T00:27:00.131] [DEBUG] debug-file - Executing task :entry:default@PackageHap
[2026-09-27T00:27:00.126] [INFO] debug-file - Finished :entry:default@CompileArkTS... after 3 s 421 ms 
[2026-09-27T00:27:00.137] [DEBUG] debug-file - default@PackageHap work[2] is pushed to ready queue.
[2026-09-27T00:27:00.136] [DEBUG] debug-file - entry:default@PackageHap is not up-to-date, since the input file 'F:\Programming\Code\VS_Code\ArkTS\PicaComic-HarmonyOS\ohos\entry\build\default\intermediates\res\default\module.json' has been changed.
[2026-09-27T00:27:00.127] [DEBUG] debug-file - Executing task :entry:default@GeneratePkgModuleJson
[2026-09-27T00:27:00.127] [DEBUG] debug-file - File: 'F:\Programming\Code\VS_Code\ArkTS\PicaComic-HarmonyOS\ohos\entry\build\default\intermediates\preload\default\preload.json' from 'preloadSoJsonPath' is not exists, just ignore.
[2026-09-27T00:27:00.136] [DEBUG] debug-file - Incremental task entry:default@PackageHap pre-execution cost: 3 ms .
[2026-09-27T00:27:00.137] [DEBUG] debug-file - A work dispatched to worker[19] failed because unable to get work from ready queue.
[2026-09-27T00:27:00.127] [DEBUG] debug-file - Error occurs while handling @Input 'shouldDeduplicateHar': The "data" argument must be of type string or an instance of Buffer, TypedArray, or DataView. Received undefined
[2026-09-27T00:27:00.136] [DEBUG] debug-file - Use tool [F:\DevEco Studio\sdk\default\openharmony\toolchains\lib\app_packing_tool.jar]
 [
  'java',
  '-Dfile.encoding=GBK',
  '-jar',
  'F:\\DevEco Studio\\sdk\\default\\openharmony\\toolchains\\lib\\app_packing_tool.jar',
  '--mode',
  'hap',
  '--force',
  'true',
  '--lib-path',
  'F:\\Programming\\Code\\VS_Code\\ArkTS\\PicaComic-HarmonyOS\\ohos\\entry\\build\\default\\intermediates\\stripped_native_libs\\default',
  '--json-path',
  'F:\\Programming\\Code\\VS_Code\\ArkTS\\PicaComic-HarmonyOS\\ohos\\entry\\build\\default\\intermediates\\package\\default\\module.json',
  '--resources-path',
  'F:\\Programming\\Code\\VS_Code\\ArkTS\\PicaComic-HarmonyOS\\ohos\\entry\\build\\default\\intermediates\\res\\default\\resources',
  '--index-path',
  'F:\\Programming\\Code\\VS_Code\\ArkTS\\PicaComic-HarmonyOS\\ohos\\entry\\build\\default\\intermediates\\res\\default\\resources.index',
  '--pack-info-path',
  'F:\\Programming\\Code\\VS_Code\\ArkTS\\PicaComic-HarmonyOS\\ohos\\entry\\build\\default\\outputs\\default\\pack.info',
  '--out-path',
  'F:\\Programming\\Code\\VS_Code\\ArkTS\\PicaComic-HarmonyOS\\ohos\\entry\\build\\default\\outputs\\default\\entry-default-unsigned.hap',
  '--ets-path',
  'F:\\Programming\\Code\\VS_Code\\ArkTS\\PicaComic-HarmonyOS\\ohos\\entry\\build\\default\\intermediates\\loader_out\\default\\ets',
  '--pkg-sdk-info-path',
  'F:\\Programming\\Code\\VS_Code\\ArkTS\\PicaComic-HarmonyOS\\ohos\\entry\\build\\default\\intermediates\\loader\\default\\pkgSdkInfo.json'
]
[2026-09-27T00:27:00.137] [DEBUG] debug-file - default@PackageHap work[2] has been dispatched to worker[18].
[2026-09-27T00:27:00.127] [DEBUG] debug-file - Task 'entry:default@GeneratePkgModuleJson' cost while wrapping incremental declarations: 1 ms 
[2026-09-27T00:27:00.138] [DEBUG] debug-file - default@PackageHap work[2] is dispatched.
[2026-09-27T00:27:00.128] [DEBUG] debug-file - entry:default@GeneratePkgModuleJson is not up-to-date, since the input file 'F:\Programming\Code\VS_Code\ArkTS\PicaComic-HarmonyOS\ohos\entry\build\default\intermediates\res\default\module.json' has been changed.
[2026-09-27T00:27:00.128] [DEBUG] debug-file - Incremental task entry:default@GeneratePkgModuleJson pre-execution cost: 1 ms .
[2026-09-27T00:27:00.139] [DEBUG] debug-file - entry : default@PackageHap cost memory 0.4287567138671875
[2026-09-27T00:27:00.128] [DEBUG] debug-file - entry : default@GeneratePkgModuleJson cost memory 0.165283203125
[2026-09-27T00:27:00.129] [DEBUG] debug-file - runTaskFromQueue task cost before running: 6 s 903 ms 
[2026-09-27T00:27:00.129] [INFO] debug-file - Finished :entry:default@GeneratePkgModuleJson... after 2 ms 
[2026-09-27T00:27:00.129] [DEBUG] debug-file - Executing task :entry:default@ProcessCompiledResources
[2026-09-27T00:27:00.129] [DEBUG] debug-file - File: 'F:\Programming\Code\VS_Code\ArkTS\PicaComic-HarmonyOS\ohos\entry\build\default\intermediates\preload\default\preload.json' from 'preloadSoJsonPath' is not exists, just ignore.
[2026-09-27T00:27:00.129] [DEBUG] debug-file - Task 'entry:default@ProcessCompiledResources' cost while wrapping incremental declarations: 1 ms 
[2026-09-27T00:27:00.129] [DEBUG] debug-file - entry : default@ProcessCompiledResources cost memory 0.063232421875
[2026-09-27T00:27:00.129] [DEBUG] debug-file - runTaskFromQueue task cost before running: 6 s 904 ms 
[2026-09-27T00:27:00.130] [INFO] debug-file - Finished :entry:default@ProcessCompiledResources... after 1 ms 
[2026-09-27T00:27:00.279] [DEBUG] debug-file - current process  memoryUsage: {
  rss: 774840320,
  heapTotal: 80166912,
  heapUsed: 54033360,
  external: 3960113,
  arrayBuffers: 18671
} os memoryUsage :14.742027282714844
[2026-09-27T00:27:00.721] [DEBUG] debug-file - worker[18] has one work done.
[2026-09-27T00:27:00.721] [DEBUG] debug-file - default@PackageHap work[2] done.
[2026-09-27T00:27:00.724] [DEBUG] debug-file - Executing task :entry:default@PackingCheck
[2026-09-27T00:27:00.722] [DEBUG] debug-file - A work dispatched to worker[18] failed because unable to get work from ready queue.
[2026-09-27T00:27:00.732] [DEBUG] debug-file - Executing task :entry:default@SignHap
[2026-09-27T00:27:00.741] [DEBUG] debug-file - current process  memoryUsage: {
  rss: 775307264,
  heapTotal: 178606080,
  heapUsed: 120581768,
  external: 3988845,
  arrayBuffers: 44641
} os memoryUsage :14.755661010742188
[2026-09-27T00:27:00.729] [DEBUG] debug-file - entry : default@PackingCheck cost memory 0.6090316772460938
[2026-09-27T00:27:00.723] [INFO] debug-file - Finished :entry:default@PackageHap... after 452 ms 
[2026-09-27T00:27:00.734] [DEBUG] debug-file - entry:default@SignHap is not up-to-date, since the input file 'F:\Programming\Code\VS_Code\ArkTS\PicaComic-HarmonyOS\ohos\entry\build\default\outputs\default\entry-default-unsigned.hap' has been changed.
[2026-09-27T00:27:00.729] [DEBUG] debug-file - runTaskFromQueue task cost before running: 7 s 504 ms 
[2026-09-27T00:27:00.734] [DEBUG] debug-file - Incremental task entry:default@SignHap pre-execution cost: 2 ms .
[2026-09-27T00:27:00.730] [INFO] debug-file - Finished :entry:default@PackingCheck... after 6 ms 
[2026-09-27T00:27:01.201] [DEBUG] debug-file - 09-27 00:27:01.200  INFO - Start verify-profile

[2026-09-27T00:27:01.348] [DEBUG] debug-file - 09-27 00:27:01.346  INFO - verify-profile success

[2026-09-27T00:27:01.367] [DEBUG] debug-file - current process  memoryUsage: {
  rss: 775376896,
  heapTotal: 178606080,
  heapUsed: 120996512,
  external: 3989145,
  arrayBuffers: 44941
} os memoryUsage :14.730175018310547
[2026-09-27T00:27:01.834] [DEBUG] debug-file - 09-27 00:27:01.833  INFO - Start sign-app

[2026-09-27T00:27:01.981] [DEBUG] debug-file - 09-27 00:27:01.980  INFO - certificate in profile: 王李超(1728971825909633025)\,Development

[2026-09-27T00:27:02.043] [DEBUG] debug-file - 09-27 00:27:02.043  INFO - Start to sign code.

[2026-09-27T00:27:02.047] [DEBUG] debug-file - 09-27 00:27:02.046  INFO - profile type is: debug

[2026-09-27T00:27:02.059] [DEBUG] debug-file - 09-27 00:27:02.057  INFO - C:\Users\29582\.ohos\config\default_ohos_gXiST2b6dB_bPpWjMZnmvA_rV7uldDvpJHara92vx6k=.p12 is exist. Try to load it with given passwd

[2026-09-27T00:27:03.050] [DEBUG] debug-file - 09-27 00:27:03.050  INFO - Create a sign info successfully.

[2026-09-27T00:27:03.060] [DEBUG] debug-file - 09-27 00:27:03.059  INFO - Create a sign info successfully.

[2026-09-27T00:27:03.063] [DEBUG] debug-file - 09-27 00:27:03.063  INFO - No native libs.

[2026-09-27T00:27:03.064] [DEBUG] debug-file - 09-27 00:27:03.064  INFO - Sign successfully.

[2026-09-27T00:27:03.064] [DEBUG] debug-file - 09-27 00:27:03.064  INFO - Start permission signing.

[2026-09-27T00:27:03.078] [DEBUG] debug-file - 09-27 00:27:03.077  INFO - Add sign data in sign info list success.

[2026-09-27T00:27:03.081] [DEBUG] debug-file - 09-27 00:27:03.080  INFO - Generate signing block success, begin write it to output file

[2026-09-27T00:27:03.081] [DEBUG] debug-file - 09-27 00:27:03.081  INFO - Sign Hap success!

[2026-09-27T00:27:03.082] [DEBUG] debug-file - 09-27 00:27:03.081  INFO - sign-app success

[2026-09-27T00:27:03.108] [DEBUG] debug-file - entry : default@SignHap cost memory 1.0234603881835938
[2026-09-27T00:27:03.108] [DEBUG] debug-file - runTaskFromQueue task cost before running: 9 s 883 ms 
[2026-09-27T00:27:03.111] [DEBUG] debug-file - Executing task :entry:default@CollectDebugSymbol
[2026-09-27T00:27:03.109] [INFO] debug-file - Finished :entry:default@SignHap... after 2 s 377 ms 
[2026-09-27T00:27:03.111] [DEBUG] debug-file - entry : default@CollectDebugSymbol cost memory 0.09346771240234375
[2026-09-27T00:27:03.111] [DEBUG] debug-file - runTaskFromQueue task cost before running: 9 s 886 ms 
[2026-09-27T00:27:03.111] [INFO] debug-file - Finished :entry:default@CollectDebugSymbol... after 1 ms 
[2026-09-27T00:27:03.112] [DEBUG] debug-file - Executing task :entry:assembleHap
[2026-09-27T00:27:03.112] [DEBUG] debug-file - entry : assembleHap cost memory 0.01320648193359375
[2026-09-27T00:27:03.112] [DEBUG] debug-file - runTaskFromQueue task cost before running: 9 s 886 ms 
[2026-09-27T00:27:03.112] [INFO] debug-file - Finished :entry:assembleHap... after 1 ms 
[2026-09-27T00:27:03.113] [INFO] debug-file - BUILD SUCCESSFUL in 9 s 887 ms 
[2026-09-27T00:27:03.114] [DEBUG] debug-file - Update task entry:default@PreBuild input file:F:\Programming\Code\VS_Code\ArkTS\PicaComic-HarmonyOS\ohos\AppScope\app.json5 cache by regenerate.
[2026-09-27T00:27:03.114] [DEBUG] debug-file - Update task entry:default@PreBuild input file:F:\Programming\Code\VS_Code\ArkTS\PicaComic-HarmonyOS\ohos\entry\src\main\module.json5 cache by regenerate.
[2026-09-27T00:27:03.115] [DEBUG] debug-file - Update task entry:default@PreBuild input file:F:\Programming\Code\VS_Code\ArkTS\PicaComic-HarmonyOS\ohos\build-profile.json5 cache by regenerate.
[2026-09-27T00:27:03.115] [DEBUG] debug-file - Update task entry:default@PreBuild input file:F:\Programming\Code\VS_Code\ArkTS\PicaComic-HarmonyOS\ohos\entry\build-profile.json5 cache by regenerate.
[2026-09-27T00:27:03.115] [DEBUG] debug-file - Update task entry:default@PreBuild input file:F:\Programming\Code\VS_Code\ArkTS\PicaComic-HarmonyOS\ohos\entry\src\main\resources\base\profile\main_pages.json cache by regenerate.
[2026-09-27T00:27:03.115] [DEBUG] debug-file - Update task entry:default@PreBuild input file:F:\Programming\Code\VS_Code\ArkTS\PicaComic-HarmonyOS\ohos\hvigor\hvigor-config.json5 cache by regenerate.
[2026-09-27T00:27:03.116] [DEBUG] debug-file - Update task entry:default@PreBuild input file:F:\Programming\Code\VS_Code\ArkTS\PicaComic-HarmonyOS\ohos\entry\oh-package.json5 cache by regenerate.
[2026-09-27T00:27:03.116] [DEBUG] debug-file - Update task entry:default@PreBuild input file:F:\Programming\Code\VS_Code\ArkTS\PicaComic-HarmonyOS\ohos\oh-package.json5 cache by regenerate.
[2026-09-27T00:27:03.116] [DEBUG] debug-file - Incremental task entry:default@PreBuild post-execution cost:3 ms .
[2026-09-27T00:27:03.116] [DEBUG] debug-file - Update task entry:default@CreateModuleInfo output file:F:\Programming\Code\VS_Code\ArkTS\PicaComic-HarmonyOS\ohos\entry\build\default\generated\profile\default\ModuleInfo.ts cache.
[2026-09-27T00:27:03.117] [DEBUG] debug-file - Incremental task entry:default@CreateModuleInfo post-execution cost:1 ms .
[2026-09-27T00:27:03.117] [DEBUG] debug-file - There is no need to refresh cache, since the incremental task entry:default@GenerateMetadata is up-to-date.
[2026-09-27T00:27:03.117] [DEBUG] debug-file - Update task entry:default@MergeProfile input file:F:\Programming\Code\VS_Code\ArkTS\PicaComic-HarmonyOS\ohos\AppScope\app.json5 cache by regenerate.
[2026-09-27T00:27:03.117] [DEBUG] debug-file - Update task entry:default@MergeProfile input file:F:\Programming\Code\VS_Code\ArkTS\PicaComic-HarmonyOS\ohos\build-profile.json5 cache by regenerate.
[2026-09-27T00:27:03.117] [DEBUG] debug-file - Update task entry:default@MergeProfile input file:F:\Programming\Code\VS_Code\ArkTS\PicaComic-HarmonyOS\ohos\entry\src\main\module.json5 cache by regenerate.
[2026-09-27T00:27:03.118] [DEBUG] debug-file - Update task entry:default@MergeProfile output file:F:\Programming\Code\VS_Code\ArkTS\PicaComic-HarmonyOS\ohos\entry\build\default\intermediates\merge_profile\default\module.json cache.
[2026-09-27T00:27:03.118] [DEBUG] debug-file - Incremental task entry:default@MergeProfile post-execution cost:1 ms .
[2026-09-27T00:27:03.118] [DEBUG] debug-file - Update task entry:default@CreateBuildProfile input file:F:\Programming\Code\VS_Code\ArkTS\PicaComic-HarmonyOS\ohos\AppScope\app.json5 cache by regenerate.
[2026-09-27T00:27:03.118] [DEBUG] debug-file - Update task entry:default@CreateBuildProfile input file:F:\Programming\Code\VS_Code\ArkTS\PicaComic-HarmonyOS\ohos\build-profile.json5 cache by regenerate.
[2026-09-27T00:27:03.118] [DEBUG] debug-file - Update task entry:default@CreateBuildProfile output file:F:\Programming\Code\VS_Code\ArkTS\PicaComic-HarmonyOS\ohos\entry\build\default\generated\profile\default\BuildProfile.ets cache.
[2026-09-27T00:27:03.118] [DEBUG] debug-file - Incremental task entry:default@CreateBuildProfile post-execution cost:1 ms .
[2026-09-27T00:27:03.119] [DEBUG] debug-file - Update task entry:default@GeneratePkgContextInfo output file:F:\Programming\Code\VS_Code\ArkTS\PicaComic-HarmonyOS\ohos\entry\build\default\intermediates\loader\default\pkgContextInfo.json cache.
[2026-09-27T00:27:03.119] [DEBUG] debug-file - Incremental task entry:default@GeneratePkgContextInfo post-execution cost:1 ms .
[2026-09-27T00:27:03.119] [DEBUG] debug-file - There is no need to refresh cache, since the incremental task entry:default@GeneratePkgSdkInfo is up-to-date.
[2026-09-27T00:27:03.119] [DEBUG] debug-file - Update task entry:default@ProcessIntegratedHsp output file:F:\Programming\Code\VS_Code\ArkTS\PicaComic-HarmonyOS\ohos\build\cache\default\integrated_hsp\integratedHspCache.json cache.
[2026-09-27T00:27:03.119] [DEBUG] debug-file - Incremental task entry:default@ProcessIntegratedHsp post-execution cost:1 ms .
[2026-09-27T00:27:03.119] [DEBUG] debug-file - There is no need to refresh cache, since the incremental task entry:default@MakePackInfo is up-to-date.
[2026-09-27T00:27:03.119] [DEBUG] debug-file - Update task entry:default@SyscapTransform input file:F:\DevEco Studio\sdk\default\openharmony\toolchains\syscap_tool.exe cache by regenerate.
[2026-09-27T00:27:03.119] [DEBUG] debug-file - Update task entry:default@SyscapTransform input file:F:\DevEco Studio\sdk\default\openharmony\ets\api\device-define cache by regenerate.
[2026-09-27T00:27:03.120] [DEBUG] debug-file - Update task entry:default@SyscapTransform output file:F:\Programming\Code\VS_Code\ArkTS\PicaComic-HarmonyOS\ohos\entry\build\default\intermediates\syscap\default\rpcid.sc cache.
[2026-09-27T00:27:03.120] [DEBUG] debug-file - Incremental task entry:default@SyscapTransform post-execution cost:2 ms .
[2026-09-27T00:27:03.120] [DEBUG] debug-file - Update task entry:default@ProcessProfile input file:F:\Programming\Code\VS_Code\ArkTS\PicaComic-HarmonyOS\ohos\entry\build\default\intermediates\merge_profile\default\module.json cache from map.
[2026-09-27T00:27:03.120] [DEBUG] debug-file - Update task entry:default@ProcessProfile output file:F:\Programming\Code\VS_Code\ArkTS\PicaComic-HarmonyOS\ohos\entry\build\default\intermediates\process_profile\default\module.json cache.
[2026-09-27T00:27:03.120] [DEBUG] debug-file - Incremental task entry:default@ProcessProfile post-execution cost:1 ms .
[2026-09-27T00:27:03.121] [DEBUG] debug-file - Update task entry:default@ProcessRouterMap input file:F:\Programming\Code\VS_Code\ArkTS\PicaComic-HarmonyOS\ohos\entry\oh-package.json5 cache by regenerate.
[2026-09-27T00:27:03.121] [DEBUG] debug-file - Update task entry:default@ProcessRouterMap input file:F:\Programming\Code\VS_Code\ArkTS\PicaComic-HarmonyOS\ohos\oh-package.json5 cache by regenerate.
[2026-09-27T00:27:03.121] [DEBUG] debug-file - Update task entry:default@ProcessRouterMap input file:F:\Programming\Code\VS_Code\ArkTS\PicaComic-HarmonyOS\ohos\entry\src\main\module.json5 cache by regenerate.
[2026-09-27T00:27:03.121] [DEBUG] debug-file - Update task entry:default@ProcessRouterMap output file:F:\Programming\Code\VS_Code\ArkTS\PicaComic-HarmonyOS\ohos\entry\build\default\intermediates\router_map\default\temp-router-map.json cache.
[2026-09-27T00:27:03.121] [DEBUG] debug-file - Update task entry:default@ProcessRouterMap output file:F:\Programming\Code\VS_Code\ArkTS\PicaComic-HarmonyOS\ohos\entry\build\default\intermediates\router_map\default\loader-router-map.json cache.
[2026-09-27T00:27:03.121] [DEBUG] debug-file - Incremental task entry:default@ProcessRouterMap post-execution cost:1 ms .
[2026-09-27T00:27:03.121] [DEBUG] debug-file - Update task entry:default@ProcessShareConfig input file:F:\Programming\Code\VS_Code\ArkTS\PicaComic-HarmonyOS\ohos\entry\oh-package.json5 cache by regenerate.
[2026-09-27T00:27:03.122] [DEBUG] debug-file - Update task entry:default@ProcessShareConfig input file:F:\Programming\Code\VS_Code\ArkTS\PicaComic-HarmonyOS\ohos\oh-package.json5 cache by regenerate.
[2026-09-27T00:27:03.122] [DEBUG] debug-file - Update task entry:default@ProcessShareConfig input file:F:\Programming\Code\VS_Code\ArkTS\PicaComic-HarmonyOS\ohos\entry\src\main\module.json5 cache by regenerate.
[2026-09-27T00:27:03.122] [DEBUG] debug-file - Update task entry:default@ProcessShareConfig output file:F:\Programming\Code\VS_Code\ArkTS\PicaComic-HarmonyOS\ohos\entry\build\default\intermediates\share_config\default\temp-share-config.json cache.
[2026-09-27T00:27:03.122] [DEBUG] debug-file - Incremental task entry:default@ProcessShareConfig post-execution cost:1 ms .
[2026-09-27T00:27:03.122] [DEBUG] debug-file - Update task entry:default@ProcessStartupConfig output file:F:\Programming\Code\VS_Code\ArkTS\PicaComic-HarmonyOS\ohos\entry\build\default\intermediates\startup\default\startup_config.json cache.
[2026-09-27T00:27:03.122] [DEBUG] debug-file - Incremental task entry:default@ProcessStartupConfig post-execution cost:1 ms .
[2026-09-27T00:27:03.122] [DEBUG] debug-file - There is no need to refresh cache, since the incremental task entry:default@ProcessResource is up-to-date.
[2026-09-27T00:27:03.122] [DEBUG] debug-file - Update task entry:default@GenerateLoaderJson input file:F:\Programming\Code\VS_Code\ArkTS\PicaComic-HarmonyOS\ohos\entry\build\default\intermediates\router_map\default\temp-router-map.json cache from map.
[2026-09-27T00:27:03.122] [DEBUG] debug-file - Update task entry:default@GenerateLoaderJson output file:F:\Programming\Code\VS_Code\ArkTS\PicaComic-HarmonyOS\ohos\entry\build\default\intermediates\loader\default\loader.json cache.
[2026-09-27T00:27:03.122] [DEBUG] debug-file - Incremental task entry:default@GenerateLoaderJson post-execution cost:1 ms .
[2026-09-27T00:27:03.122] [DEBUG] debug-file - There is no need to refresh cache, since the incremental task entry:default@ProcessLibs is up-to-date.
[2026-09-27T00:27:03.123] [DEBUG] debug-file - Update task entry:default@CompileResource input file:F:\Programming\Code\VS_Code\ArkTS\PicaComic-HarmonyOS\ohos\entry\src\main\resources cache by regenerate.
[2026-09-27T00:27:03.125] [DEBUG] debug-file - Update task entry:default@CompileResource input file:F:\Programming\Code\VS_Code\ArkTS\PicaComic-HarmonyOS\ohos\AppScope\resources cache by regenerate.
[2026-09-27T00:27:03.126] [DEBUG] debug-file - Update task entry:default@CompileResource input file:F:\Programming\Code\VS_Code\ArkTS\PicaComic-HarmonyOS\ohos\entry\build\default\intermediates\process_profile\default\module.json cache from map.
[2026-09-27T00:27:03.126] [DEBUG] debug-file - Update task entry:default@CompileResource input file:F:\Programming\Code\VS_Code\ArkTS\PicaComic-HarmonyOS\ohos\entry\build\default\intermediates\res\default\resConfig.json cache by regenerate.
[2026-09-27T00:27:03.126] [DEBUG] debug-file - Update task entry:default@CompileResource output file:F:\Programming\Code\VS_Code\ArkTS\PicaComic-HarmonyOS\ohos\entry\build\default\intermediates\res\default cache.
[2026-09-27T00:27:03.130] [DEBUG] debug-file - Update task entry:default@CompileResource output file:F:\Programming\Code\VS_Code\ArkTS\PicaComic-HarmonyOS\ohos\entry\build\default\generated\r\default\ResourceTable.h cache.
[2026-09-27T00:27:03.131] [DEBUG] debug-file - Update task entry:default@CompileResource output file:F:\Programming\Code\VS_Code\ArkTS\PicaComic-HarmonyOS\ohos\entry\build\default\generated\r\default\ResourceTable.ts cache.
[2026-09-27T00:27:03.131] [DEBUG] debug-file - Update task entry:default@CompileResource output file:F:\Programming\Code\VS_Code\ArkTS\PicaComic-HarmonyOS\ohos\entry\build\default\generated\r\default cache.
[2026-09-27T00:27:03.131] [DEBUG] debug-file - Incremental task entry:default@CompileResource post-execution cost:9 ms .
[2026-09-27T00:27:03.131] [DEBUG] debug-file - There is no need to refresh cache, since the incremental task entry:default@DoNativeStrip is up-to-date.
[2026-09-27T00:27:03.132] [DEBUG] debug-file - Update task entry:default@CompileArkTS input file:F:\Programming\Code\VS_Code\ArkTS\PicaComic-HarmonyOS\ohos\entry\build\default\intermediates\loader\default cache from map.
[2026-09-27T00:27:03.132] [DEBUG] debug-file - Update task entry:default@CompileArkTS input file:F:\Programming\Code\VS_Code\ArkTS\PicaComic-HarmonyOS\ohos\entry\build\default\intermediates\res\default\resources\rawfile cache by regenerate.
[2026-09-27T00:27:03.133] [DEBUG] debug-file - Update task entry:default@CompileArkTS input file:F:\Programming\Code\VS_Code\ArkTS\PicaComic-HarmonyOS\ohos\entry\build\default\intermediates\res\default\ResourceTable.txt cache by regenerate.
[2026-09-27T00:27:03.133] [DEBUG] debug-file - Update task entry:default@CompileArkTS input file:F:\Programming\Code\VS_Code\ArkTS\PicaComic-HarmonyOS\ohos\entry\build\default\intermediates\res\default\ark_module.json cache by regenerate.
[2026-09-27T00:27:03.134] [DEBUG] debug-file - Update task entry:default@CompileArkTS input file:F:\Programming\Code\VS_Code\ArkTS\PicaComic-HarmonyOS\ohos\entry\build\default\intermediates\res\default\resources\base\profile cache by regenerate.
[2026-09-27T00:27:03.134] [DEBUG] debug-file - Update task entry:default@CompileArkTS input file:F:\Programming\Code\VS_Code\ArkTS\PicaComic-HarmonyOS\ohos\entry\src\main\ets cache by regenerate.
[2026-09-27T00:27:03.140] [DEBUG] debug-file - Update task entry:default@CompileArkTS input file:F:\Programming\Code\VS_Code\ArkTS\PicaComic-HarmonyOS\ohos\entry\build\default\generated\profile\default\BuildProfile.ets cache by regenerate.
[2026-09-27T00:27:03.140] [DEBUG] debug-file - Update task entry:default@CompileArkTS output file:F:\Programming\Code\VS_Code\ArkTS\PicaComic-HarmonyOS\ohos\entry\build\default\intermediates\loader_out\default\ets cache.
[2026-09-27T00:27:03.141] [DEBUG] debug-file - Incremental task entry:default@CompileArkTS post-execution cost:10 ms .
[2026-09-27T00:27:03.141] [DEBUG] debug-file - Update task entry:default@BuildJS input file:F:\Programming\Code\VS_Code\ArkTS\PicaComic-HarmonyOS\ohos\entry\build\default\intermediates\loader\default cache by regenerate.
[2026-09-27T00:27:03.141] [DEBUG] debug-file - Update task entry:default@BuildJS input file:F:\Programming\Code\VS_Code\ArkTS\PicaComic-HarmonyOS\ohos\entry\build\default\intermediates\res\default\resources\rawfile cache by regenerate.
[2026-09-27T00:27:03.142] [DEBUG] debug-file - Update task entry:default@BuildJS input file:F:\Programming\Code\VS_Code\ArkTS\PicaComic-HarmonyOS\ohos\entry\build\default\intermediates\res\default\ResourceTable.txt cache by regenerate.
[2026-09-27T00:27:03.142] [DEBUG] debug-file - Update task entry:default@BuildJS input file:F:\Programming\Code\VS_Code\ArkTS\PicaComic-HarmonyOS\ohos\entry\build\default\intermediates\res\default\ark_module.json cache by regenerate.
[2026-09-27T00:27:03.142] [DEBUG] debug-file - Update task entry:default@BuildJS input file:F:\Programming\Code\VS_Code\ArkTS\PicaComic-HarmonyOS\ohos\entry\build\default\intermediates\res\default\resources\base\profile cache by regenerate.
[2026-09-27T00:27:03.143] [DEBUG] debug-file - Update task entry:default@BuildJS output file:F:\Programming\Code\VS_Code\ArkTS\PicaComic-HarmonyOS\ohos\entry\build\default\intermediates\loader_out\default\js cache.
[2026-09-27T00:27:03.143] [DEBUG] debug-file - Incremental task entry:default@BuildJS post-execution cost:3 ms .
[2026-09-27T00:27:03.143] [DEBUG] debug-file - There is no need to refresh cache, since the incremental task entry:default@CacheNativeLibs is up-to-date.
[2026-09-27T00:27:03.143] [DEBUG] debug-file - Update task entry:default@GeneratePkgModuleJson input file:F:\Programming\Code\VS_Code\ArkTS\PicaComic-HarmonyOS\ohos\entry\build\default\intermediates\res\default\module.json cache from map.
[2026-09-27T00:27:03.143] [DEBUG] debug-file - Update task entry:default@GeneratePkgModuleJson output file:F:\Programming\Code\VS_Code\ArkTS\PicaComic-HarmonyOS\ohos\entry\build\default\intermediates\package\default\module.json cache.
[2026-09-27T00:27:03.143] [DEBUG] debug-file - Incremental task entry:default@GeneratePkgModuleJson post-execution cost:1 ms .
[2026-09-27T00:27:03.143] [DEBUG] debug-file - Incremental task entry:default@ProcessCompiledResources post-execution cost:1 ms .
[2026-09-27T00:27:03.143] [DEBUG] debug-file - Update task entry:default@PackageHap input file:F:\Programming\Code\VS_Code\ArkTS\PicaComic-HarmonyOS\ohos\entry\build\default\outputs\default\pack.info cache by regenerate.
[2026-09-27T00:27:03.143] [DEBUG] debug-file - Update task entry:default@PackageHap input file:F:\Programming\Code\VS_Code\ArkTS\PicaComic-HarmonyOS\ohos\entry\build\default\intermediates\stripped_native_libs\default cache by regenerate.
[2026-09-27T00:27:03.143] [DEBUG] debug-file - Update task entry:default@PackageHap input file:F:\Programming\Code\VS_Code\ArkTS\PicaComic-HarmonyOS\ohos\entry\build\default\intermediates\res\default\module.json cache from map.
[2026-09-27T00:27:03.143] [DEBUG] debug-file - Update task entry:default@PackageHap input file:F:\Programming\Code\VS_Code\ArkTS\PicaComic-HarmonyOS\ohos\entry\build\default\intermediates\res\default\resources cache by regenerate.
[2026-09-27T00:27:03.145] [DEBUG] debug-file - Update task entry:default@PackageHap input file:F:\Programming\Code\VS_Code\ArkTS\PicaComic-HarmonyOS\ohos\entry\build\default\intermediates\res\default\resources.index cache by regenerate.
[2026-09-27T00:27:03.145] [DEBUG] debug-file - Update task entry:default@PackageHap input file:F:\Programming\Code\VS_Code\ArkTS\PicaComic-HarmonyOS\ohos\entry\build\default\intermediates\loader_out\default\ets cache by regenerate.
[2026-09-27T00:27:03.146] [DEBUG] debug-file - Update task entry:default@PackageHap input file:F:\Programming\Code\VS_Code\ArkTS\PicaComic-HarmonyOS\ohos\entry\build\default\intermediates\loader\default\pkgSdkInfo.json cache by regenerate.
[2026-09-27T00:27:03.146] [DEBUG] debug-file - Update task entry:default@PackageHap input file:F:\Programming\Code\VS_Code\ArkTS\PicaComic-HarmonyOS\ohos\entry\build\default\intermediates\package\default\module.json cache by regenerate.
[2026-09-27T00:27:03.146] [DEBUG] debug-file - Update task entry:default@PackageHap input file:F:\Programming\Code\VS_Code\ArkTS\PicaComic-HarmonyOS\ohos\entry\build\default\intermediates\loader_out\default\ets\sourceMaps.map cache by regenerate.
[2026-09-27T00:27:03.146] [DEBUG] debug-file - Update task entry:default@PackageHap input file:F:\Programming\Code\VS_Code\ArkTS\PicaComic-HarmonyOS\ohos\entry\build\default\generated\profile\default\BuildProfile.ets cache by regenerate.
[2026-09-27T00:27:03.146] [DEBUG] debug-file - Update task entry:default@PackageHap output file:F:\Programming\Code\VS_Code\ArkTS\PicaComic-HarmonyOS\ohos\entry\build\default\outputs\default\entry-default-unsigned.hap cache.
[2026-09-27T00:27:03.146] [DEBUG] debug-file - Update task entry:default@PackageHap output file:F:\Programming\Code\VS_Code\ArkTS\PicaComic-HarmonyOS\ohos\entry\build\default\intermediates\source_map\default\sourceMaps.map cache.
[2026-09-27T00:27:03.146] [DEBUG] debug-file - Update task entry:default@PackageHap output file:F:\Programming\Code\VS_Code\ArkTS\PicaComic-HarmonyOS\ohos\entry\build\default\outputs\default\mapping\sourceMaps.map cache.
[2026-09-27T00:27:03.146] [DEBUG] debug-file - Incremental task entry:default@PackageHap post-execution cost:4 ms .
[2026-09-27T00:27:03.146] [DEBUG] debug-file - Update task entry:default@SignHap input file:C:\Users\29582\.ohos\config\default_ohos_gXiST2b6dB_bPpWjMZnmvA_rV7uldDvpJHara92vx6k=.cer cache by regenerate.
[2026-09-27T00:27:03.146] [DEBUG] debug-file - Update task entry:default@SignHap input file:C:\Users\29582\.ohos\config\default_ohos_gXiST2b6dB_bPpWjMZnmvA_rV7uldDvpJHara92vx6k=.p7b cache by regenerate.
[2026-09-27T00:27:03.147] [DEBUG] debug-file - Update task entry:default@SignHap input file:C:\Users\29582\.ohos\config\default_ohos_gXiST2b6dB_bPpWjMZnmvA_rV7uldDvpJHara92vx6k=.p12 cache by regenerate.
[2026-09-27T00:27:03.147] [DEBUG] debug-file - Update task entry:default@SignHap input file:F:\Programming\Code\VS_Code\ArkTS\PicaComic-HarmonyOS\ohos\entry\build\default\outputs\default\entry-default-unsigned.hap cache from map.
[2026-09-27T00:27:03.147] [DEBUG] debug-file - Update task entry:default@SignHap output file:F:\Programming\Code\VS_Code\ArkTS\PicaComic-HarmonyOS\ohos\entry\build\default\outputs\default\entry-default-signed.hap cache.
[2026-09-27T00:27:03.147] [DEBUG] debug-file - Incremental task entry:default@SignHap post-execution cost:1 ms .
[2026-09-27T00:27:03.147] [DEBUG] debug-file - Update task entry:default@CollectDebugSymbol input file:F:\Programming\Code\VS_Code\ArkTS\PicaComic-HarmonyOS\ohos\entry\build\default\intermediates\loader_out\default\ets\sourceMaps.map cache by regenerate.
[2026-09-27T00:27:03.147] [DEBUG] debug-file - Update task entry:default@CollectDebugSymbol input file:F:\Programming\Code\VS_Code\ArkTS\PicaComic-HarmonyOS\ohos\entry\build\default\intermediates\libs\default cache by regenerate.
[2026-09-27T00:27:03.147] [DEBUG] debug-file - Update task entry:default@CollectDebugSymbol output file:F:\Programming\Code\VS_Code\ArkTS\PicaComic-HarmonyOS\ohos\entry\build\default\outputs\default\symbol cache.
[2026-09-27T00:27:03.147] [DEBUG] debug-file - Incremental task entry:default@CollectDebugSymbol post-execution cost:1 ms .
[2026-09-27T00:27:03.158] [DEBUG] debug-file - Current worker pool is stopped or closed.
[2026-09-27T00:27:03.158] [DEBUG] debug-file - Clear worker 0.
[2026-09-27T00:27:03.158] [DEBUG] debug-file - Clear worker 1.
[2026-09-27T00:27:03.158] [DEBUG] debug-file - Clear worker 4.
[2026-09-27T00:27:03.158] [DEBUG] debug-file - Clear worker 18.
[2026-09-27T00:27:03.159] [DEBUG] debug-file - hvigor build process will be closed.
[2026-09-27T00:27:03.162] [DEBUG] debug-file - worker[0] exits with exit code 1.
[2026-09-27T00:27:03.162] [DEBUG] debug-file - Worker 0 has been cleared.
[2026-09-27T00:27:03.162] [DEBUG] debug-file - Current idle worker size: 0.
[2026-09-27T00:27:03.162] [DEBUG] debug-file - Current busy worker size: 0.
[2026-09-27T00:27:03.162] [DEBUG] debug-file - worker[1] exits with exit code 1.
[2026-09-27T00:27:03.162] [DEBUG] debug-file - Worker 1 has been cleared.
[2026-09-27T00:27:03.163] [DEBUG] debug-file - Current idle worker size: 0.
[2026-09-27T00:27:03.163] [DEBUG] debug-file - Current busy worker size: 0.
[2026-09-27T00:27:03.164] [DEBUG] debug-file - worker[18] exits with exit code 1.
[2026-09-27T00:27:03.164] [DEBUG] debug-file - Worker 18 has been cleared.
[2026-09-27T00:27:03.164] [DEBUG] debug-file - Current idle worker size: 0.
[2026-09-27T00:27:03.164] [DEBUG] debug-file - Current busy worker size: 0.
[2026-09-27T00:27:03.164] [DEBUG] debug-file - Current worker pool is terminated.
[2026-09-27T00:27:03.164] [DEBUG] debug-file - Current worker pool is terminated.
[2026-09-27T00:27:03.164] [DEBUG] debug-file - Current worker pool is terminated.
[2026-09-27T00:27:03.173] [DEBUG] debug-file - worker[4] exits with exit code 1.
[2026-09-27T00:27:03.173] [DEBUG] debug-file - Worker 4 has been cleared.
[2026-09-27T00:27:03.173] [DEBUG] debug-file - Current idle worker size: 0.
[2026-09-27T00:27:03.173] [DEBUG] debug-file - Current busy worker size: 0.
[2026-09-27T00:27:03.173] [DEBUG] debug-file - Current worker pool is terminated.
